ARM Linker, 5.02 [Build 28] [MDK-ARM Standard]

==============================================================================

Section Cross References

    main.o(i.Cl) refers to dmul.o(.text) for __aeabi_dmul
    main.o(i.Cl) refers to main.o(i.beta) for beta
    main.o(i.Cl) refers to dadd.o(.text) for __aeabi_dadd
    main.o(i.Cl) refers to main.o(.data) for di
    main.o(i.Cm) refers to dmul.o(.text) for __aeabi_dmul
    main.o(i.Cm) refers to main.o(i.alpha) for alpha
    main.o(i.Cm) refers to dadd.o(.text) for __aeabi_dadd
    main.o(i.Cm) refers to main.o(.data) for i
    main.o(i.Cn) refers to dmul.o(.text) for __aeabi_dmul
    main.o(i.Cn) refers to main.o(i.beta) for beta
    main.o(i.Cn) refers to dadd.o(.text) for __aeabi_dadd
    main.o(i.Cx) refers to main.o(i.alpha) for alpha
    main.o(i.Cx) refers to dmul.o(.text) for __aeabi_dmul
    main.o(i.Cx) refers to ddiv.o(.text) for __aeabi_ddiv
    main.o(i.Cx) refers to dadd.o(.text) for __aeabi_drsub
    main.o(i.Cy) refers to dmul.o(.text) for __aeabi_dmul
    main.o(i.Cy) refers to main.o(i.beta) for beta
    main.o(i.Cy) refers to dadd.o(.text) for __aeabi_dsub
    main.o(i.Cz) refers to main.o(i.alpha) for alpha
    main.o(i.Cz) refers to dmul.o(.text) for __aeabi_dmul
    main.o(i.Cz) refers to dadd.o(.text) for __aeabi_dadd
    main.o(i.Cz) refers to ddiv.o(.text) for __aeabi_ddiv
    main.o(i.L) refers to main.o(i.Cl) for Cl
    main.o(i.L) refers to main.o(i.qbar) for qbar
    main.o(i.L) refers to dmul.o(.text) for __aeabi_dmul
    main.o(i.L) refers to main.o(.data) for S
    main.o(i.M) refers to main.o(i.Cm) for Cm
    main.o(i.M) refers to main.o(i.qbar) for qbar
    main.o(i.M) refers to dmul.o(.text) for __aeabi_dmul
    main.o(i.M) refers to main.o(.data) for S
    main.o(i.N) refers to main.o(i.Cn) for Cn
    main.o(i.N) refers to main.o(i.qbar) for qbar
    main.o(i.N) refers to dmul.o(.text) for __aeabi_dmul
    main.o(i.N) refers to main.o(.data) for S
    main.o(i.V) refers to dmul.o(.text) for __aeabi_dmul
    main.o(i.V) refers to dadd.o(.text) for __aeabi_dadd
    main.o(i.V) refers to sqrt.o(i.__hardfp_sqrt) for __hardfp_sqrt
    main.o(i.alpha) refers to ddiv.o(.text) for __aeabi_ddiv
    main.o(i.beta) refers to main.o(i.V) for V
    main.o(i.beta) refers to ddiv.o(.text) for __aeabi_ddiv
    main.o(i.cholesky) refers to dmul.o(.text) for __aeabi_dmul
    main.o(i.cholesky) refers to dadd.o(.text) for __aeabi_dadd
    main.o(i.cholesky) refers to sqrt.o(i.__hardfp_sqrt) for __hardfp_sqrt
    main.o(i.cholesky) refers to ddiv.o(.text) for __aeabi_ddiv
    main.o(i.cholesky) refers to main.o(.data) for s
    main.o(i.cholesky) refers to main.o(.bss) for LL
    main.o(i.f) refers to dmul.o(.text) for __aeabi_dmul
    main.o(i.f) refers to ddiv.o(.text) for __aeabi_ddiv
    main.o(i.f) refers to main.o(i.Cx) for Cx
    main.o(i.f) refers to main.o(i.qbar) for qbar
    main.o(i.f) refers to dadd.o(.text) for __aeabi_dadd
    main.o(i.f) refers to main.o(.data) for mass
    main.o(i.f) refers to main.o(i.Cy) for Cy
    main.o(i.f) refers to main.o(i.Cz) for Cz
    main.o(i.f) refers to main.o(i.N) for N
    main.o(i.f) refers to main.o(i.L) for L
    main.o(i.f) refers to main.o(i.M) for M
    main.o(i.h) refers to dmul.o(.text) for __aeabi_dmul
    main.o(i.h) refers to ddiv.o(.text) for __aeabi_ddiv
    main.o(i.h) refers to dadd.o(.text) for __aeabi_drsub
    main.o(i.h) refers to main.o(i.magZ) for magZ
    main.o(i.h) refers to main.o(.data) for gravity
    main.o(i.init_GPIO) refers to stm32f4xx_rcc.o(i.RCC_AHB1PeriphClockCmd) for RCC_AHB1PeriphClockCmd
    main.o(i.init_GPIO) refers to stm32f4xx_gpio.o(i.GPIO_Init) for GPIO_Init
    main.o(i.inverse) refers to ddiv.o(.text) for __aeabi_ddiv
    main.o(i.inverse) refers to dmul.o(.text) for __aeabi_dmul
    main.o(i.inverse) refers to dadd.o(.text) for __aeabi_drsub
    main.o(i.inverse) refers to main.o(.bss) for test
    main.o(i.inverse) refers to main.o(.data) for d
    main.o(i.magZ) refers to dmul.o(.text) for __aeabi_dmul
    main.o(i.magZ) refers to ddiv.o(.text) for __aeabi_ddiv
    main.o(i.magZ) refers to dadd.o(.text) for __aeabi_drsub
    main.o(i.magZ) refers to cdrcmple.o(.text) for __aeabi_cdrcmple
    main.o(i.magZ) refers to sqrt.o(i.__hardfp_sqrt) for __hardfp_sqrt
    main.o(i.main) refers to main.o(i.init_GPIO) for init_GPIO
    main.o(i.main) refers to dmul.o(.text) for __aeabi_dmul
    main.o(i.main) refers to dadd.o(.text) for __aeabi_dadd
    main.o(i.main) refers to main.o(i.ukf) for ukf
    main.o(i.main) refers to main.o(i.Delay) for Delay
    main.o(i.main) refers to main.o(.bss) for Wm
    main.o(i.main) refers to main.o(.data) for gravity
    main.o(i.mult) refers to dmul.o(.text) for __aeabi_dmul
    main.o(i.mult) refers to dadd.o(.text) for __aeabi_dadd
    main.o(i.mult) refers to main.o(.data) for sum
    main.o(i.qbar) refers to main.o(i.V) for V
    main.o(i.qbar) refers to dmul.o(.text) for __aeabi_dmul
    main.o(i.qbar) refers to ddiv.o(.text) for __aeabi_ddiv
    main.o(i.qbar) refers to main.o(.data) for rho
    main.o(i.sigmas) refers to main.o(i.cholesky) for cholesky
    main.o(i.sigmas) refers to dmul.o(.text) for __aeabi_dmul
    main.o(i.sigmas) refers to dadd.o(.text) for __aeabi_dadd
    main.o(i.sigmas) refers to main.o(.bss) for A
    main.o(i.ukf) refers to dadd.o(.text) for __aeabi_dadd
    main.o(i.ukf) refers to dmul.o(.text) for __aeabi_dmul
    main.o(i.ukf) refers to sqrt.o(i.__hardfp_sqrt) for __hardfp_sqrt
    main.o(i.ukf) refers to main.o(i.sigmas) for sigmas
    main.o(i.ukf) refers to main.o(i.ut1) for ut1
    main.o(i.ukf) refers to main.o(i.ut2) for ut2
    main.o(i.ukf) refers to main.o(i.mult) for mult
    main.o(i.ukf) refers to main.o(i.inverse) for inverse
    main.o(i.ukf) refers to ddiv.o(.text) for __aeabi_ddiv
    main.o(i.ukf) refers to main.o(.data) for ki
    main.o(i.ukf) refers to main.o(.bss) for X
    main.o(i.ut1) refers to main.o(i.f) for f
    main.o(i.ut1) refers to dmul.o(.text) for __aeabi_dmul
    main.o(i.ut1) refers to dadd.o(.text) for __aeabi_dadd
    main.o(i.ut1) refers to main.o(i.mult) for mult
    main.o(i.ut1) refers to main.o(.bss) for XF
    main.o(i.ut2) refers to stm32f4xx_gpio.o(i.GPIO_SetBits) for GPIO_SetBits
    main.o(i.ut2) refers to main.o(i.h) for h
    main.o(i.ut2) refers to stm32f4xx_gpio.o(i.GPIO_ResetBits) for GPIO_ResetBits
    main.o(i.ut2) refers to dmul.o(.text) for __aeabi_dmul
    main.o(i.ut2) refers to dadd.o(.text) for __aeabi_dadd
    main.o(i.ut2) refers to main.o(i.mult) for mult
    main.o(i.ut2) refers to main.o(.bss) for XH
    system_stm32f4xx.o(i.SystemCoreClockUpdate) refers to system_stm32f4xx.o(.data) for SystemCoreClock
    system_stm32f4xx.o(i.SystemInit) refers to system_stm32f4xx.o(i.SetSysClock) for SetSysClock
    stm32f4xx_usart.o(i.USART_DeInit) refers to stm32f4xx_rcc.o(i.RCC_APB2PeriphResetCmd) for RCC_APB2PeriphResetCmd
    stm32f4xx_usart.o(i.USART_DeInit) refers to stm32f4xx_rcc.o(i.RCC_APB1PeriphResetCmd) for RCC_APB1PeriphResetCmd
    stm32f4xx_usart.o(i.USART_Init) refers to stm32f4xx_rcc.o(i.RCC_GetClocksFreq) for RCC_GetClocksFreq
    stm32f4xx_spi.o(i.SPI_I2S_DeInit) refers to stm32f4xx_rcc.o(i.RCC_APB2PeriphResetCmd) for RCC_APB2PeriphResetCmd
    stm32f4xx_spi.o(i.SPI_I2S_DeInit) refers to stm32f4xx_rcc.o(i.RCC_APB1PeriphResetCmd) for RCC_APB1PeriphResetCmd
    stm32f4xx_tim.o(i.TIM_DeInit) refers to stm32f4xx_rcc.o(i.RCC_APB2PeriphResetCmd) for RCC_APB2PeriphResetCmd
    stm32f4xx_tim.o(i.TIM_DeInit) refers to stm32f4xx_rcc.o(i.RCC_APB1PeriphResetCmd) for RCC_APB1PeriphResetCmd
    stm32f4xx_tim.o(i.TIM_ETRClockMode1Config) refers to stm32f4xx_tim.o(i.TIM_ETRConfig) for TIM_ETRConfig
    stm32f4xx_tim.o(i.TIM_ETRClockMode2Config) refers to stm32f4xx_tim.o(i.TIM_ETRConfig) for TIM_ETRConfig
    stm32f4xx_tim.o(i.TIM_ICInit) refers to stm32f4xx_tim.o(i.TI1_Config) for TI1_Config
    stm32f4xx_tim.o(i.TIM_ICInit) refers to stm32f4xx_tim.o(i.TIM_SetIC1Prescaler) for TIM_SetIC1Prescaler
    stm32f4xx_tim.o(i.TIM_ICInit) refers to stm32f4xx_tim.o(i.TI2_Config) for TI2_Config
    stm32f4xx_tim.o(i.TIM_ICInit) refers to stm32f4xx_tim.o(i.TIM_SetIC2Prescaler) for TIM_SetIC2Prescaler
    stm32f4xx_tim.o(i.TIM_ICInit) refers to stm32f4xx_tim.o(i.TI3_Config) for TI3_Config
    stm32f4xx_tim.o(i.TIM_ICInit) refers to stm32f4xx_tim.o(i.TIM_SetIC3Prescaler) for TIM_SetIC3Prescaler
    stm32f4xx_tim.o(i.TIM_ICInit) refers to stm32f4xx_tim.o(i.TI4_Config) for TI4_Config
    stm32f4xx_tim.o(i.TIM_ICInit) refers to stm32f4xx_tim.o(i.TIM_SetIC4Prescaler) for TIM_SetIC4Prescaler
    stm32f4xx_tim.o(i.TIM_ITRxExternalClockConfig) refers to stm32f4xx_tim.o(i.TIM_SelectInputTrigger) for TIM_SelectInputTrigger
    stm32f4xx_tim.o(i.TIM_PWMIConfig) refers to stm32f4xx_tim.o(i.TI1_Config) for TI1_Config
    stm32f4xx_tim.o(i.TIM_PWMIConfig) refers to stm32f4xx_tim.o(i.TIM_SetIC1Prescaler) for TIM_SetIC1Prescaler
    stm32f4xx_tim.o(i.TIM_PWMIConfig) refers to stm32f4xx_tim.o(i.TI2_Config) for TI2_Config
    stm32f4xx_tim.o(i.TIM_PWMIConfig) refers to stm32f4xx_tim.o(i.TIM_SetIC2Prescaler) for TIM_SetIC2Prescaler
    stm32f4xx_tim.o(i.TIM_TIxExternalClockConfig) refers to stm32f4xx_tim.o(i.TI2_Config) for TI2_Config
    stm32f4xx_tim.o(i.TIM_TIxExternalClockConfig) refers to stm32f4xx_tim.o(i.TI1_Config) for TI1_Config
    stm32f4xx_tim.o(i.TIM_TIxExternalClockConfig) refers to stm32f4xx_tim.o(i.TIM_SelectInputTrigger) for TIM_SelectInputTrigger
    stm32f4xx_flash.o(i.FLASH_EraseAllSectors) refers to stm32f4xx_flash.o(i.FLASH_WaitForLastOperation) for FLASH_WaitForLastOperation
    stm32f4xx_flash.o(i.FLASH_EraseSector) refers to stm32f4xx_flash.o(i.FLASH_WaitForLastOperation) for FLASH_WaitForLastOperation
    stm32f4xx_flash.o(i.FLASH_OB_Launch) refers to stm32f4xx_flash.o(i.FLASH_WaitForLastOperation) for FLASH_WaitForLastOperation
    stm32f4xx_flash.o(i.FLASH_OB_RDPConfig) refers to stm32f4xx_flash.o(i.FLASH_WaitForLastOperation) for FLASH_WaitForLastOperation
    stm32f4xx_flash.o(i.FLASH_OB_UserConfig) refers to stm32f4xx_flash.o(i.FLASH_WaitForLastOperation) for FLASH_WaitForLastOperation
    stm32f4xx_flash.o(i.FLASH_OB_WRPConfig) refers to stm32f4xx_flash.o(i.FLASH_WaitForLastOperation) for FLASH_WaitForLastOperation
    stm32f4xx_flash.o(i.FLASH_ProgramByte) refers to stm32f4xx_flash.o(i.FLASH_WaitForLastOperation) for FLASH_WaitForLastOperation
    stm32f4xx_flash.o(i.FLASH_ProgramDoubleWord) refers to stm32f4xx_flash.o(i.FLASH_WaitForLastOperation) for FLASH_WaitForLastOperation
    stm32f4xx_flash.o(i.FLASH_ProgramHalfWord) refers to stm32f4xx_flash.o(i.FLASH_WaitForLastOperation) for FLASH_WaitForLastOperation
    stm32f4xx_flash.o(i.FLASH_ProgramWord) refers to stm32f4xx_flash.o(i.FLASH_WaitForLastOperation) for FLASH_WaitForLastOperation
    stm32f4xx_flash.o(i.FLASH_WaitForLastOperation) refers to stm32f4xx_flash.o(i.FLASH_GetStatus) for FLASH_GetStatus
    stm32f4_discovery.o(i.STM_EVAL_LEDInit) refers to stm32f4xx_rcc.o(i.RCC_AHB1PeriphClockCmd) for RCC_AHB1PeriphClockCmd
    stm32f4_discovery.o(i.STM_EVAL_LEDInit) refers to stm32f4xx_gpio.o(i.GPIO_Init) for GPIO_Init
    stm32f4_discovery.o(i.STM_EVAL_LEDInit) refers to stm32f4_discovery.o(.constdata) for GPIO_CLK
    stm32f4_discovery.o(i.STM_EVAL_LEDInit) refers to stm32f4_discovery.o(.data) for GPIO_PORT
    stm32f4_discovery.o(i.STM_EVAL_LEDOff) refers to stm32f4_discovery.o(.constdata) for GPIO_PIN
    stm32f4_discovery.o(i.STM_EVAL_LEDOff) refers to stm32f4_discovery.o(.data) for GPIO_PORT
    stm32f4_discovery.o(i.STM_EVAL_LEDOn) refers to stm32f4_discovery.o(.constdata) for GPIO_PIN
    stm32f4_discovery.o(i.STM_EVAL_LEDOn) refers to stm32f4_discovery.o(.data) for GPIO_PORT
    stm32f4_discovery.o(i.STM_EVAL_LEDToggle) refers to stm32f4_discovery.o(.data) for GPIO_PORT
    stm32f4_discovery.o(i.STM_EVAL_LEDToggle) refers to stm32f4_discovery.o(.constdata) for GPIO_PIN
    stm32f4_discovery.o(i.STM_EVAL_PBGetState) refers to stm32f4xx_gpio.o(i.GPIO_ReadInputDataBit) for GPIO_ReadInputDataBit
    stm32f4_discovery.o(i.STM_EVAL_PBGetState) refers to stm32f4_discovery.o(.constdata) for BUTTON_PIN
    stm32f4_discovery.o(i.STM_EVAL_PBGetState) refers to stm32f4_discovery.o(.data) for BUTTON_PORT
    stm32f4_discovery.o(i.STM_EVAL_PBInit) refers to stm32f4xx_rcc.o(i.RCC_AHB1PeriphClockCmd) for RCC_AHB1PeriphClockCmd
    stm32f4_discovery.o(i.STM_EVAL_PBInit) refers to stm32f4xx_rcc.o(i.RCC_APB2PeriphClockCmd) for RCC_APB2PeriphClockCmd
    stm32f4_discovery.o(i.STM_EVAL_PBInit) refers to stm32f4xx_gpio.o(i.GPIO_Init) for GPIO_Init
    stm32f4_discovery.o(i.STM_EVAL_PBInit) refers to stm32f4xx_syscfg.o(i.SYSCFG_EXTILineConfig) for SYSCFG_EXTILineConfig
    stm32f4_discovery.o(i.STM_EVAL_PBInit) refers to stm32f4xx_exti.o(i.EXTI_Init) for EXTI_Init
    stm32f4_discovery.o(i.STM_EVAL_PBInit) refers to misc.o(i.NVIC_Init) for NVIC_Init
    stm32f4_discovery.o(i.STM_EVAL_PBInit) refers to stm32f4_discovery.o(.constdata) for BUTTON_CLK
    stm32f4_discovery.o(i.STM_EVAL_PBInit) refers to stm32f4_discovery.o(.data) for BUTTON_PORT
    stm32f4xx_rcc.o(i.RCC_GetClocksFreq) refers to stm32f4xx_rcc.o(.data) for APBAHBPrescTable
    stm32f4xx_rcc.o(i.RCC_WaitForHSEStartUp) refers to stm32f4xx_rcc.o(i.RCC_GetFlagStatus) for RCC_GetFlagStatus
    stm32f4xx_gpio.o(i.GPIO_DeInit) refers to stm32f4xx_rcc.o(i.RCC_AHB1PeriphResetCmd) for RCC_AHB1PeriphResetCmd
    stm32f4xx_syscfg.o(i.SYSCFG_DeInit) refers to stm32f4xx_rcc.o(i.RCC_APB2PeriphResetCmd) for RCC_APB2PeriphResetCmd
    stm32f4xx_adc.o(i.ADC_DeInit) refers to stm32f4xx_rcc.o(i.RCC_APB2PeriphResetCmd) for RCC_APB2PeriphResetCmd
    startup_stm32f4xx.o(RESET) refers to startup_stm32f4xx.o(STACK) for __initial_sp
    startup_stm32f4xx.o(RESET) refers to startup_stm32f4xx.o(.text) for Reset_Handler
    startup_stm32f4xx.o(RESET) refers to stm32f4xx_it.o(i.NMI_Handler) for NMI_Handler
    startup_stm32f4xx.o(RESET) refers to stm32f4xx_it.o(i.HardFault_Handler) for HardFault_Handler
    startup_stm32f4xx.o(RESET) refers to stm32f4xx_it.o(i.MemManage_Handler) for MemManage_Handler
    startup_stm32f4xx.o(RESET) refers to stm32f4xx_it.o(i.BusFault_Handler) for BusFault_Handler
    startup_stm32f4xx.o(RESET) refers to stm32f4xx_it.o(i.UsageFault_Handler) for UsageFault_Handler
    startup_stm32f4xx.o(RESET) refers to stm32f4xx_it.o(i.SVC_Handler) for SVC_Handler
    startup_stm32f4xx.o(RESET) refers to stm32f4xx_it.o(i.DebugMon_Handler) for DebugMon_Handler
    startup_stm32f4xx.o(RESET) refers to stm32f4xx_it.o(i.PendSV_Handler) for PendSV_Handler
    startup_stm32f4xx.o(RESET) refers to stm32f4xx_it.o(i.SysTick_Handler) for SysTick_Handler
    startup_stm32f4xx.o(.text) refers to system_stm32f4xx.o(i.SystemInit) for SystemInit
    startup_stm32f4xx.o(.text) refers to entry.o(.ARM.Collect$$$$00000000) for __main
    sqrt.o(i.__hardfp_sqrt) refers (Special) to iusefp.o(.text) for __I$use$fp
    sqrt.o(i.__hardfp_sqrt) refers to dsqrt.o(.text) for _dsqrt
    sqrt.o(i.__hardfp_sqrt) refers to errno.o(i.__set_errno) for __set_errno
    sqrt.o(i.__softfp_sqrt) refers (Special) to iusefp.o(.text) for __I$use$fp
    sqrt.o(i.__softfp_sqrt) refers to dsqrt.o(.text) for _dsqrt
    sqrt.o(i.__softfp_sqrt) refers to errno.o(i.__set_errno) for __set_errno
    sqrt.o(i.sqrt) refers (Special) to iusefp.o(.text) for __I$use$fp
    sqrt.o(i.sqrt) refers to dsqrt.o(.text) for _dsqrt
    sqrt.o(i.sqrt) refers to errno.o(i.__set_errno) for __set_errno
    sqrt_x.o(i.____hardfp_sqrt$lsc) refers (Special) to iusefp.o(.text) for __I$use$fp
    sqrt_x.o(i.____hardfp_sqrt$lsc) refers to cdcmple.o(.text) for __aeabi_cdcmple
    sqrt_x.o(i.____hardfp_sqrt$lsc) refers to errno.o(i.__set_errno) for __set_errno
    sqrt_x.o(i.____hardfp_sqrt$lsc) refers to dsqrt.o(.text) for _dsqrt
    sqrt_x.o(i.____softfp_sqrt$lsc) refers (Special) to iusefp.o(.text) for __I$use$fp
    sqrt_x.o(i.____softfp_sqrt$lsc) refers to cdcmple.o(.text) for __aeabi_cdcmple
    sqrt_x.o(i.____softfp_sqrt$lsc) refers to errno.o(i.__set_errno) for __set_errno
    sqrt_x.o(i.____softfp_sqrt$lsc) refers to dsqrt.o(.text) for _dsqrt
    sqrt_x.o(i.__sqrt$lsc) refers (Special) to iusefp.o(.text) for __I$use$fp
    sqrt_x.o(i.__sqrt$lsc) refers to cdcmple.o(.text) for __aeabi_cdcmple
    sqrt_x.o(i.__sqrt$lsc) refers to errno.o(i.__set_errno) for __set_errno
    sqrt_x.o(i.__sqrt$lsc) refers to dsqrt.o(.text) for _dsqrt
    entry.o(.ARM.Collect$$$$00000000) refers (Special) to entry7b.o(.ARM.Collect$$$$00000008) for _main_clock
    entry.o(.ARM.Collect$$$$00000000) refers (Special) to entry8.o(.ARM.Collect$$$$00000009) for _main_init
    entry.o(.ARM.Collect$$$$00000000) refers (Special) to entry5.o(.ARM.Collect$$$$00000004) for _main_scatterload
    entry.o(.ARM.Collect$$$$00000000) refers (Special) to entry2.o(.ARM.Collect$$$$00000001) for _main_stk
    dadd.o(.text) refers (Special) to iusefp.o(.text) for __I$use$fp
    dadd.o(.text) refers to llshl.o(.text) for __aeabi_llsl
    dadd.o(.text) refers to llsshr.o(.text) for __aeabi_lasr
    dadd.o(.text) refers to depilogue.o(.text) for _double_epilogue
    dmul.o(.text) refers (Special) to iusefp.o(.text) for __I$use$fp
    dmul.o(.text) refers to depilogue.o(.text) for _double_epilogue
    ddiv.o(.text) refers (Special) to iusefp.o(.text) for __I$use$fp
    ddiv.o(.text) refers to depilogue.o(.text) for _double_round
    dneg.o(.text) refers (Special) to iusefp.o(.text) for __I$use$fp
    cdrcmple.o(.text) refers (Special) to iusefp.o(.text) for __I$use$fp
    entry2.o(.ARM.Collect$$$$00000001) refers to entry2.o(.ARM.Collect$$$$00002712) for __lit__00000000
    entry2.o(.ARM.Collect$$$$00002712) refers to startup_stm32f4xx.o(STACK) for __initial_sp
    entry2.o(__vectab_stack_and_reset_area) refers to startup_stm32f4xx.o(STACK) for __initial_sp
    entry2.o(__vectab_stack_and_reset_area) refers to entry.o(.ARM.Collect$$$$00000000) for __main
    entry5.o(.ARM.Collect$$$$00000004) refers to init.o(.text) for __scatterload
    entry8.o(.ARM.Collect$$$$00000009) refers to main.o(i.main) for main
    errno.o(i.__aeabi_errno_addr) refers to errno.o(.data) for .data
    errno.o(i.__read_errno) refers to errno.o(.data) for .data
    errno.o(i.__set_errno) refers to errno.o(.data) for .data
    depilogue.o(.text) refers to llshl.o(.text) for __aeabi_llsl
    depilogue.o(.text) refers to llushr.o(.text) for __aeabi_llsr
    dsqrt.o(.text) refers to llushr.o(.text) for __aeabi_llsr
    dsqrt.o(.text) refers to depilogue.o(.text) for _double_round
    init.o(.text) refers to entry5.o(.ARM.Collect$$$$00000004) for __main_after_scatterload


==============================================================================

Removing Unused input sections from the image.

    Removing main.o(.rev16_text), (4 bytes).
    Removing main.o(.revsh_text), (4 bytes).
    Removing stm32f4xx_it.o(.rev16_text), (4 bytes).
    Removing stm32f4xx_it.o(.revsh_text), (4 bytes).
    Removing system_stm32f4xx.o(.rev16_text), (4 bytes).
    Removing system_stm32f4xx.o(.revsh_text), (4 bytes).
    Removing system_stm32f4xx.o(i.SystemCoreClockUpdate), (192 bytes).
    Removing system_stm32f4xx.o(.data), (20 bytes).
    Removing stm32f4xx_usart.o(.rev16_text), (4 bytes).
    Removing stm32f4xx_usart.o(.revsh_text), (4 bytes).
    Removing stm32f4xx_usart.o(i.USART_ClearFlag), (18 bytes).
    Removing stm32f4xx_usart.o(i.USART_ClearITPendingBit), (30 bytes).
    Removing stm32f4xx_usart.o(i.USART_ClockInit), (32 bytes).
    Removing stm32f4xx_usart.o(i.USART_ClockStructInit), (12 bytes).
    Removing stm32f4xx_usart.o(i.USART_Cmd), (24 bytes).
    Removing stm32f4xx_usart.o(i.USART_DMACmd), (18 bytes).
    Removing stm32f4xx_usart.o(i.USART_DeInit), (180 bytes).
    Removing stm32f4xx_usart.o(i.USART_GetFlagStatus), (26 bytes).
    Removing stm32f4xx_usart.o(i.USART_GetITStatus), (84 bytes).
    Removing stm32f4xx_usart.o(i.USART_HalfDuplexCmd), (24 bytes).
    Removing stm32f4xx_usart.o(i.USART_ITConfig), (74 bytes).
    Removing stm32f4xx_usart.o(i.USART_Init), (212 bytes).
    Removing stm32f4xx_usart.o(i.USART_IrDACmd), (24 bytes).
    Removing stm32f4xx_usart.o(i.USART_IrDAConfig), (18 bytes).
    Removing stm32f4xx_usart.o(i.USART_LINBreakDetectLengthConfig), (18 bytes).
    Removing stm32f4xx_usart.o(i.USART_LINCmd), (24 bytes).
    Removing stm32f4xx_usart.o(i.USART_OneBitMethodCmd), (24 bytes).
    Removing stm32f4xx_usart.o(i.USART_OverSampling8Cmd), (22 bytes).
    Removing stm32f4xx_usart.o(i.USART_ReceiveData), (10 bytes).
    Removing stm32f4xx_usart.o(i.USART_ReceiverWakeUpCmd), (24 bytes).
    Removing stm32f4xx_usart.o(i.USART_SendBreak), (10 bytes).
    Removing stm32f4xx_usart.o(i.USART_SendData), (8 bytes).
    Removing stm32f4xx_usart.o(i.USART_SetAddress), (18 bytes).
    Removing stm32f4xx_usart.o(i.USART_SetGuardTime), (16 bytes).
    Removing stm32f4xx_usart.o(i.USART_SetPrescaler), (16 bytes).
    Removing stm32f4xx_usart.o(i.USART_SmartCardCmd), (24 bytes).
    Removing stm32f4xx_usart.o(i.USART_SmartCardNACKCmd), (24 bytes).
    Removing stm32f4xx_usart.o(i.USART_StructInit), (24 bytes).
    Removing stm32f4xx_usart.o(i.USART_WakeUpConfig), (18 bytes).
    Removing stm32f4xx_spi.o(.rev16_text), (4 bytes).
    Removing stm32f4xx_spi.o(.revsh_text), (4 bytes).
    Removing stm32f4xx_spi.o(i.I2S_Cmd), (24 bytes).
    Removing stm32f4xx_spi.o(i.I2S_FullDuplexConfig), (80 bytes).
    Removing stm32f4xx_spi.o(i.I2S_Init), (356 bytes).
    Removing stm32f4xx_spi.o(i.I2S_StructInit), (20 bytes).
    Removing stm32f4xx_spi.o(i.SPI_BiDirectionalLineConfig), (28 bytes).
    Removing stm32f4xx_spi.o(i.SPI_CalculateCRC), (24 bytes).
    Removing stm32f4xx_spi.o(i.SPI_Cmd), (24 bytes).
    Removing stm32f4xx_spi.o(i.SPI_DataSizeConfig), (18 bytes).
    Removing stm32f4xx_spi.o(i.SPI_GetCRC), (16 bytes).
    Removing stm32f4xx_spi.o(i.SPI_GetCRCPolynomial), (6 bytes).
    Removing stm32f4xx_spi.o(i.SPI_I2S_ClearFlag), (6 bytes).
    Removing stm32f4xx_spi.o(i.SPI_I2S_ClearITPendingBit), (20 bytes).
    Removing stm32f4xx_spi.o(i.SPI_I2S_DMACmd), (18 bytes).
    Removing stm32f4xx_spi.o(i.SPI_I2S_DeInit), (88 bytes).
    Removing stm32f4xx_spi.o(i.SPI_I2S_GetFlagStatus), (18 bytes).
    Removing stm32f4xx_spi.o(i.SPI_I2S_GetITStatus), (52 bytes).
    Removing stm32f4xx_spi.o(i.SPI_I2S_ITConfig), (32 bytes).
    Removing stm32f4xx_spi.o(i.SPI_I2S_ReceiveData), (6 bytes).
    Removing stm32f4xx_spi.o(i.SPI_I2S_SendData), (4 bytes).
    Removing stm32f4xx_spi.o(i.SPI_Init), (60 bytes).
    Removing stm32f4xx_spi.o(i.SPI_NSSInternalSoftwareConfig), (30 bytes).
    Removing stm32f4xx_spi.o(i.SPI_SSOutputCmd), (24 bytes).
    Removing stm32f4xx_spi.o(i.SPI_StructInit), (24 bytes).
    Removing stm32f4xx_spi.o(i.SPI_TIModeCmd), (24 bytes).
    Removing stm32f4xx_spi.o(i.SPI_TransmitCRC), (10 bytes).
    Removing stm32f4xx_tim.o(.rev16_text), (4 bytes).
    Removing stm32f4xx_tim.o(.revsh_text), (4 bytes).
    Removing stm32f4xx_tim.o(i.TI1_Config), (58 bytes).
    Removing stm32f4xx_tim.o(i.TI2_Config), (80 bytes).
    Removing stm32f4xx_tim.o(i.TI3_Config), (72 bytes).
    Removing stm32f4xx_tim.o(i.TI4_Config), (80 bytes).
    Removing stm32f4xx_tim.o(i.TIM_ARRPreloadConfig), (24 bytes).
    Removing stm32f4xx_tim.o(i.TIM_BDTRConfig), (32 bytes).
    Removing stm32f4xx_tim.o(i.TIM_BDTRStructInit), (18 bytes).
    Removing stm32f4xx_tim.o(i.TIM_CCPreloadControl), (24 bytes).
    Removing stm32f4xx_tim.o(i.TIM_CCxCmd), (30 bytes).
    Removing stm32f4xx_tim.o(i.TIM_CCxNCmd), (30 bytes).
    Removing stm32f4xx_tim.o(i.TIM_ClearFlag), (6 bytes).
    Removing stm32f4xx_tim.o(i.TIM_ClearITPendingBit), (6 bytes).
    Removing stm32f4xx_tim.o(i.TIM_ClearOC1Ref), (18 bytes).
    Removing stm32f4xx_tim.o(i.TIM_ClearOC2Ref), (24 bytes).
    Removing stm32f4xx_tim.o(i.TIM_ClearOC3Ref), (18 bytes).
    Removing stm32f4xx_tim.o(i.TIM_ClearOC4Ref), (24 bytes).
    Removing stm32f4xx_tim.o(i.TIM_Cmd), (24 bytes).
    Removing stm32f4xx_tim.o(i.TIM_CounterModeConfig), (18 bytes).
    Removing stm32f4xx_tim.o(i.TIM_CtrlPWMOutputs), (30 bytes).
    Removing stm32f4xx_tim.o(i.TIM_DMACmd), (18 bytes).
    Removing stm32f4xx_tim.o(i.TIM_DMAConfig), (10 bytes).
    Removing stm32f4xx_tim.o(i.TIM_DeInit), (400 bytes).
    Removing stm32f4xx_tim.o(i.TIM_ETRClockMode1Config), (54 bytes).
    Removing stm32f4xx_tim.o(i.TIM_ETRClockMode2Config), (32 bytes).
    Removing stm32f4xx_tim.o(i.TIM_ETRConfig), (28 bytes).
    Removing stm32f4xx_tim.o(i.TIM_EncoderInterfaceConfig), (66 bytes).
    Removing stm32f4xx_tim.o(i.TIM_ForcedOC1Config), (18 bytes).
    Removing stm32f4xx_tim.o(i.TIM_ForcedOC2Config), (26 bytes).
    Removing stm32f4xx_tim.o(i.TIM_ForcedOC3Config), (18 bytes).
    Removing stm32f4xx_tim.o(i.TIM_ForcedOC4Config), (26 bytes).
    Removing stm32f4xx_tim.o(i.TIM_GenerateEvent), (4 bytes).
    Removing stm32f4xx_tim.o(i.TIM_GetCapture1), (6 bytes).
    Removing stm32f4xx_tim.o(i.TIM_GetCapture2), (6 bytes).
    Removing stm32f4xx_tim.o(i.TIM_GetCapture3), (6 bytes).
    Removing stm32f4xx_tim.o(i.TIM_GetCapture4), (6 bytes).
    Removing stm32f4xx_tim.o(i.TIM_GetCounter), (6 bytes).
    Removing stm32f4xx_tim.o(i.TIM_GetFlagStatus), (18 bytes).
    Removing stm32f4xx_tim.o(i.TIM_GetITStatus), (34 bytes).
    Removing stm32f4xx_tim.o(i.TIM_GetPrescaler), (6 bytes).
    Removing stm32f4xx_tim.o(i.TIM_ICInit), (110 bytes).
    Removing stm32f4xx_tim.o(i.TIM_ICStructInit), (18 bytes).
    Removing stm32f4xx_tim.o(i.TIM_ITConfig), (18 bytes).
    Removing stm32f4xx_tim.o(i.TIM_ITRxExternalClockConfig), (24 bytes).
    Removing stm32f4xx_tim.o(i.TIM_InternalClockConfig), (12 bytes).
    Removing stm32f4xx_tim.o(i.TIM_OC1FastConfig), (18 bytes).
    Removing stm32f4xx_tim.o(i.TIM_OC1Init), (124 bytes).
    Removing stm32f4xx_tim.o(i.TIM_OC1NPolarityConfig), (18 bytes).
    Removing stm32f4xx_tim.o(i.TIM_OC1PolarityConfig), (18 bytes).
    Removing stm32f4xx_tim.o(i.TIM_OC1PreloadConfig), (18 bytes).
    Removing stm32f4xx_tim.o(i.TIM_OC2FastConfig), (26 bytes).
    Removing stm32f4xx_tim.o(i.TIM_OC2Init), (164 bytes).
    Removing stm32f4xx_tim.o(i.TIM_OC2NPolarityConfig), (26 bytes).
    Removing stm32f4xx_tim.o(i.TIM_OC2PolarityConfig), (26 bytes).
    Removing stm32f4xx_tim.o(i.TIM_OC2PreloadConfig), (26 bytes).
    Removing stm32f4xx_tim.o(i.TIM_OC3FastConfig), (18 bytes).
    Removing stm32f4xx_tim.o(i.TIM_OC3Init), (160 bytes).
    Removing stm32f4xx_tim.o(i.TIM_OC3NPolarityConfig), (26 bytes).
    Removing stm32f4xx_tim.o(i.TIM_OC3PolarityConfig), (26 bytes).
    Removing stm32f4xx_tim.o(i.TIM_OC3PreloadConfig), (18 bytes).
    Removing stm32f4xx_tim.o(i.TIM_OC4FastConfig), (26 bytes).
    Removing stm32f4xx_tim.o(i.TIM_OC4Init), (120 bytes).
    Removing stm32f4xx_tim.o(i.TIM_OC4PolarityConfig), (26 bytes).
    Removing stm32f4xx_tim.o(i.TIM_OC4PreloadConfig), (26 bytes).
    Removing stm32f4xx_tim.o(i.TIM_OCStructInit), (20 bytes).
    Removing stm32f4xx_tim.o(i.TIM_PWMIConfig), (124 bytes).
    Removing stm32f4xx_tim.o(i.TIM_PrescalerConfig), (6 bytes).
    Removing stm32f4xx_tim.o(i.TIM_RemapConfig), (6 bytes).
    Removing stm32f4xx_tim.o(i.TIM_SelectCCDMA), (24 bytes).
    Removing stm32f4xx_tim.o(i.TIM_SelectCOM), (24 bytes).
    Removing stm32f4xx_tim.o(i.TIM_SelectHallSensor), (24 bytes).
    Removing stm32f4xx_tim.o(i.TIM_SelectInputTrigger), (18 bytes).
    Removing stm32f4xx_tim.o(i.TIM_SelectMasterSlaveMode), (18 bytes).
    Removing stm32f4xx_tim.o(i.TIM_SelectOCxM), (86 bytes).
    Removing stm32f4xx_tim.o(i.TIM_SelectOnePulseMode), (18 bytes).
    Removing stm32f4xx_tim.o(i.TIM_SelectOutputTrigger), (18 bytes).
    Removing stm32f4xx_tim.o(i.TIM_SelectSlaveMode), (18 bytes).
    Removing stm32f4xx_tim.o(i.TIM_SetAutoreload), (4 bytes).
    Removing stm32f4xx_tim.o(i.TIM_SetClockDivision), (18 bytes).
    Removing stm32f4xx_tim.o(i.TIM_SetCompare1), (4 bytes).
    Removing stm32f4xx_tim.o(i.TIM_SetCompare2), (4 bytes).
    Removing stm32f4xx_tim.o(i.TIM_SetCompare3), (4 bytes).
    Removing stm32f4xx_tim.o(i.TIM_SetCompare4), (4 bytes).
    Removing stm32f4xx_tim.o(i.TIM_SetCounter), (4 bytes).
    Removing stm32f4xx_tim.o(i.TIM_SetIC1Prescaler), (18 bytes).
    Removing stm32f4xx_tim.o(i.TIM_SetIC2Prescaler), (26 bytes).
    Removing stm32f4xx_tim.o(i.TIM_SetIC3Prescaler), (18 bytes).
    Removing stm32f4xx_tim.o(i.TIM_SetIC4Prescaler), (26 bytes).
    Removing stm32f4xx_tim.o(i.TIM_TIxExternalClockConfig), (62 bytes).
    Removing stm32f4xx_tim.o(i.TIM_TimeBaseInit), (132 bytes).
    Removing stm32f4xx_tim.o(i.TIM_TimeBaseStructInit), (18 bytes).
    Removing stm32f4xx_tim.o(i.TIM_UpdateDisableConfig), (24 bytes).
    Removing stm32f4xx_tim.o(i.TIM_UpdateRequestConfig), (24 bytes).
    Removing stm32f4xx_flash.o(.rev16_text), (4 bytes).
    Removing stm32f4xx_flash.o(.revsh_text), (4 bytes).
    Removing stm32f4xx_flash.o(i.FLASH_ClearFlag), (12 bytes).
    Removing stm32f4xx_flash.o(i.FLASH_DataCacheCmd), (36 bytes).
    Removing stm32f4xx_flash.o(i.FLASH_DataCacheReset), (20 bytes).
    Removing stm32f4xx_flash.o(i.FLASH_EraseAllSectors), (108 bytes).
    Removing stm32f4xx_flash.o(i.FLASH_EraseSector), (136 bytes).
    Removing stm32f4xx_flash.o(i.FLASH_GetFlagStatus), (24 bytes).
    Removing stm32f4xx_flash.o(i.FLASH_GetStatus), (72 bytes).
    Removing stm32f4xx_flash.o(i.FLASH_ITConfig), (32 bytes).
    Removing stm32f4xx_flash.o(i.FLASH_InstructionCacheCmd), (36 bytes).
    Removing stm32f4xx_flash.o(i.FLASH_InstructionCacheReset), (20 bytes).
    Removing stm32f4xx_flash.o(i.FLASH_Lock), (20 bytes).
    Removing stm32f4xx_flash.o(i.FLASH_OB_BORConfig), (28 bytes).
    Removing stm32f4xx_flash.o(i.FLASH_OB_GetBOR), (16 bytes).
    Removing stm32f4xx_flash.o(i.FLASH_OB_GetRDP), (24 bytes).
    Removing stm32f4xx_flash.o(i.FLASH_OB_GetUser), (16 bytes).
    Removing stm32f4xx_flash.o(i.FLASH_OB_GetWRP), (12 bytes).
    Removing stm32f4xx_flash.o(i.FLASH_OB_Launch), (32 bytes).
    Removing stm32f4xx_flash.o(i.FLASH_OB_Lock), (20 bytes).
    Removing stm32f4xx_flash.o(i.FLASH_OB_RDPConfig), (28 bytes).
    Removing stm32f4xx_flash.o(i.FLASH_OB_Unlock), (36 bytes).
    Removing stm32f4xx_flash.o(i.FLASH_OB_UserConfig), (48 bytes).
    Removing stm32f4xx_flash.o(i.FLASH_OB_WRPConfig), (52 bytes).
    Removing stm32f4xx_flash.o(i.FLASH_PrefetchBufferCmd), (36 bytes).
    Removing stm32f4xx_flash.o(i.FLASH_ProgramByte), (76 bytes).
    Removing stm32f4xx_flash.o(i.FLASH_ProgramDoubleWord), (84 bytes).
    Removing stm32f4xx_flash.o(i.FLASH_ProgramHalfWord), (80 bytes).
    Removing stm32f4xx_flash.o(i.FLASH_ProgramWord), (80 bytes).
    Removing stm32f4xx_flash.o(i.FLASH_SetLatency), (12 bytes).
    Removing stm32f4xx_flash.o(i.FLASH_Unlock), (36 bytes).
    Removing stm32f4xx_flash.o(i.FLASH_WaitForLastOperation), (26 bytes).
    Removing stm32f4_discovery.o(.rev16_text), (4 bytes).
    Removing stm32f4_discovery.o(.revsh_text), (4 bytes).
    Removing stm32f4_discovery.o(i.STM_EVAL_LEDInit), (76 bytes).
    Removing stm32f4_discovery.o(i.STM_EVAL_LEDOff), (24 bytes).
    Removing stm32f4_discovery.o(i.STM_EVAL_LEDOn), (24 bytes).
    Removing stm32f4_discovery.o(i.STM_EVAL_LEDToggle), (36 bytes).
    Removing stm32f4_discovery.o(i.STM_EVAL_PBGetState), (32 bytes).
    Removing stm32f4_discovery.o(i.STM_EVAL_PBInit), (168 bytes).
    Removing stm32f4_discovery.o(.constdata), (37 bytes).
    Removing stm32f4_discovery.o(.data), (24 bytes).
    Removing stm32f4xx_rcc.o(.rev16_text), (4 bytes).
    Removing stm32f4xx_rcc.o(.revsh_text), (4 bytes).
    Removing stm32f4xx_rcc.o(i.RCC_AHB1PeriphClockLPModeCmd), (32 bytes).
    Removing stm32f4xx_rcc.o(i.RCC_AHB1PeriphResetCmd), (32 bytes).
    Removing stm32f4xx_rcc.o(i.RCC_AHB2PeriphClockCmd), (32 bytes).
    Removing stm32f4xx_rcc.o(i.RCC_AHB2PeriphClockLPModeCmd), (32 bytes).
    Removing stm32f4xx_rcc.o(i.RCC_AHB2PeriphResetCmd), (32 bytes).
    Removing stm32f4xx_rcc.o(i.RCC_AHB3PeriphClockCmd), (32 bytes).
    Removing stm32f4xx_rcc.o(i.RCC_AHB3PeriphClockLPModeCmd), (32 bytes).
    Removing stm32f4xx_rcc.o(i.RCC_AHB3PeriphResetCmd), (32 bytes).
    Removing stm32f4xx_rcc.o(i.RCC_APB1PeriphClockCmd), (32 bytes).
    Removing stm32f4xx_rcc.o(i.RCC_APB1PeriphClockLPModeCmd), (32 bytes).
    Removing stm32f4xx_rcc.o(i.RCC_APB1PeriphResetCmd), (32 bytes).
    Removing stm32f4xx_rcc.o(i.RCC_APB2PeriphClockCmd), (32 bytes).
    Removing stm32f4xx_rcc.o(i.RCC_APB2PeriphClockLPModeCmd), (32 bytes).
    Removing stm32f4xx_rcc.o(i.RCC_APB2PeriphResetCmd), (32 bytes).
    Removing stm32f4xx_rcc.o(i.RCC_AdjustHSICalibrationValue), (24 bytes).
    Removing stm32f4xx_rcc.o(i.RCC_BackupResetCmd), (12 bytes).
    Removing stm32f4xx_rcc.o(i.RCC_ClearFlag), (20 bytes).
    Removing stm32f4xx_rcc.o(i.RCC_ClearITPendingBit), (12 bytes).
    Removing stm32f4xx_rcc.o(i.RCC_ClockSecuritySystemCmd), (12 bytes).
    Removing stm32f4xx_rcc.o(i.RCC_DeInit), (72 bytes).
    Removing stm32f4xx_rcc.o(i.RCC_GetClocksFreq), (232 bytes).
    Removing stm32f4xx_rcc.o(i.RCC_GetFlagStatus), (64 bytes).
    Removing stm32f4xx_rcc.o(i.RCC_GetITStatus), (24 bytes).
    Removing stm32f4xx_rcc.o(i.RCC_GetSYSCLKSource), (16 bytes).
    Removing stm32f4xx_rcc.o(i.RCC_HCLKConfig), (24 bytes).
    Removing stm32f4xx_rcc.o(i.RCC_HSEConfig), (16 bytes).
    Removing stm32f4xx_rcc.o(i.RCC_HSICmd), (12 bytes).
    Removing stm32f4xx_rcc.o(i.RCC_I2SCLKConfig), (12 bytes).
    Removing stm32f4xx_rcc.o(i.RCC_ITConfig), (32 bytes).
    Removing stm32f4xx_rcc.o(i.RCC_LSEConfig), (44 bytes).
    Removing stm32f4xx_rcc.o(i.RCC_LSICmd), (12 bytes).
    Removing stm32f4xx_rcc.o(i.RCC_MCO1Config), (28 bytes).
    Removing stm32f4xx_rcc.o(i.RCC_MCO2Config), (28 bytes).
    Removing stm32f4xx_rcc.o(i.RCC_PCLK1Config), (24 bytes).
    Removing stm32f4xx_rcc.o(i.RCC_PCLK2Config), (24 bytes).
    Removing stm32f4xx_rcc.o(i.RCC_PLLCmd), (12 bytes).
    Removing stm32f4xx_rcc.o(i.RCC_PLLConfig), (36 bytes).
    Removing stm32f4xx_rcc.o(i.RCC_PLLI2SCmd), (12 bytes).
    Removing stm32f4xx_rcc.o(i.RCC_PLLI2SConfig), (16 bytes).
    Removing stm32f4xx_rcc.o(i.RCC_RTCCLKCmd), (12 bytes).
    Removing stm32f4xx_rcc.o(i.RCC_RTCCLKConfig), (60 bytes).
    Removing stm32f4xx_rcc.o(i.RCC_SYSCLKConfig), (24 bytes).
    Removing stm32f4xx_rcc.o(i.RCC_WaitForHSEStartUp), (48 bytes).
    Removing stm32f4xx_rcc.o(.data), (16 bytes).
    Removing misc.o(.rev16_text), (4 bytes).
    Removing misc.o(.revsh_text), (4 bytes).
    Removing misc.o(i.NVIC_Init), (120 bytes).
    Removing misc.o(i.NVIC_PriorityGroupConfig), (20 bytes).
    Removing misc.o(i.NVIC_SetVectorTable), (20 bytes).
    Removing misc.o(i.NVIC_SystemLPConfig), (32 bytes).
    Removing misc.o(i.SysTick_CLKSourceConfig), (40 bytes).
    Removing stm32f4xx_gpio.o(.rev16_text), (4 bytes).
    Removing stm32f4xx_gpio.o(.revsh_text), (4 bytes).
    Removing stm32f4xx_gpio.o(i.GPIO_DeInit), (256 bytes).
    Removing stm32f4xx_gpio.o(i.GPIO_PinAFConfig), (70 bytes).
    Removing stm32f4xx_gpio.o(i.GPIO_PinLockConfig), (18 bytes).
    Removing stm32f4xx_gpio.o(i.GPIO_ReadInputData), (8 bytes).
    Removing stm32f4xx_gpio.o(i.GPIO_ReadInputDataBit), (18 bytes).
    Removing stm32f4xx_gpio.o(i.GPIO_ReadOutputData), (8 bytes).
    Removing stm32f4xx_gpio.o(i.GPIO_ReadOutputDataBit), (18 bytes).
    Removing stm32f4xx_gpio.o(i.GPIO_StructInit), (18 bytes).
    Removing stm32f4xx_gpio.o(i.GPIO_ToggleBits), (8 bytes).
    Removing stm32f4xx_gpio.o(i.GPIO_Write), (4 bytes).
    Removing stm32f4xx_gpio.o(i.GPIO_WriteBit), (10 bytes).
    Removing stm32f4xx_syscfg.o(.rev16_text), (4 bytes).
    Removing stm32f4xx_syscfg.o(.revsh_text), (4 bytes).
    Removing stm32f4xx_syscfg.o(i.SYSCFG_CompensationCellCmd), (12 bytes).
    Removing stm32f4xx_syscfg.o(i.SYSCFG_DeInit), (22 bytes).
    Removing stm32f4xx_syscfg.o(i.SYSCFG_ETH_MediaInterfaceConfig), (12 bytes).
    Removing stm32f4xx_syscfg.o(i.SYSCFG_EXTILineConfig), (64 bytes).
    Removing stm32f4xx_syscfg.o(i.SYSCFG_GetCompensationCellStatus), (24 bytes).
    Removing stm32f4xx_syscfg.o(i.SYSCFG_MemoryRemapConfig), (12 bytes).
    Removing stm32f4xx_exti.o(.rev16_text), (4 bytes).
    Removing stm32f4xx_exti.o(.revsh_text), (4 bytes).
    Removing stm32f4xx_exti.o(i.EXTI_ClearFlag), (12 bytes).
    Removing stm32f4xx_exti.o(i.EXTI_ClearITPendingBit), (12 bytes).
    Removing stm32f4xx_exti.o(i.EXTI_DeInit), (36 bytes).
    Removing stm32f4xx_exti.o(i.EXTI_GenerateSWInterrupt), (16 bytes).
    Removing stm32f4xx_exti.o(i.EXTI_GetFlagStatus), (24 bytes).
    Removing stm32f4xx_exti.o(i.EXTI_GetITStatus), (40 bytes).
    Removing stm32f4xx_exti.o(i.EXTI_Init), (148 bytes).
    Removing stm32f4xx_exti.o(i.EXTI_StructInit), (16 bytes).
    Removing stm32f4xx_dma.o(.rev16_text), (4 bytes).
    Removing stm32f4xx_dma.o(.revsh_text), (4 bytes).
    Removing stm32f4xx_dma.o(i.DMA_ClearFlag), (52 bytes).
    Removing stm32f4xx_dma.o(i.DMA_ClearITPendingBit), (52 bytes).
    Removing stm32f4xx_dma.o(i.DMA_Cmd), (22 bytes).
    Removing stm32f4xx_dma.o(i.DMA_DeInit), (344 bytes).
    Removing stm32f4xx_dma.o(i.DMA_DoubleBufferModeCmd), (22 bytes).
    Removing stm32f4xx_dma.o(i.DMA_DoubleBufferModeConfig), (24 bytes).
    Removing stm32f4xx_dma.o(i.DMA_FlowControllerConfig), (22 bytes).
    Removing stm32f4xx_dma.o(i.DMA_GetCmdStatus), (20 bytes).
    Removing stm32f4xx_dma.o(i.DMA_GetCurrDataCounter), (8 bytes).
    Removing stm32f4xx_dma.o(i.DMA_GetCurrentMemoryTarget), (20 bytes).
    Removing stm32f4xx_dma.o(i.DMA_GetFIFOStatus), (12 bytes).
    Removing stm32f4xx_dma.o(i.DMA_GetFlagStatus), (64 bytes).
    Removing stm32f4xx_dma.o(i.DMA_GetITStatus), (96 bytes).
    Removing stm32f4xx_dma.o(i.DMA_ITConfig), (58 bytes).
    Removing stm32f4xx_dma.o(i.DMA_Init), (88 bytes).
    Removing stm32f4xx_dma.o(i.DMA_MemoryTargetConfig), (10 bytes).
    Removing stm32f4xx_dma.o(i.DMA_PeriphIncOffsetSizeConfig), (22 bytes).
    Removing stm32f4xx_dma.o(i.DMA_SetCurrDataCounter), (4 bytes).
    Removing stm32f4xx_dma.o(i.DMA_StructInit), (34 bytes).
    Removing stm32f4xx_adc.o(.rev16_text), (4 bytes).
    Removing stm32f4xx_adc.o(.revsh_text), (4 bytes).
    Removing stm32f4xx_adc.o(i.ADC_AnalogWatchdogCmd), (20 bytes).
    Removing stm32f4xx_adc.o(i.ADC_AnalogWatchdogSingleChannelConfig), (16 bytes).
    Removing stm32f4xx_adc.o(i.ADC_AnalogWatchdogThresholdsConfig), (6 bytes).
    Removing stm32f4xx_adc.o(i.ADC_AutoInjectedConvCmd), (22 bytes).
    Removing stm32f4xx_adc.o(i.ADC_ClearFlag), (6 bytes).
    Removing stm32f4xx_adc.o(i.ADC_ClearITPendingBit), (10 bytes).
    Removing stm32f4xx_adc.o(i.ADC_Cmd), (22 bytes).
    Removing stm32f4xx_adc.o(i.ADC_CommonInit), (56 bytes).
    Removing stm32f4xx_adc.o(i.ADC_CommonStructInit), (12 bytes).
    Removing stm32f4xx_adc.o(i.ADC_ContinuousModeCmd), (22 bytes).
    Removing stm32f4xx_adc.o(i.ADC_DMACmd), (22 bytes).
    Removing stm32f4xx_adc.o(i.ADC_DMARequestAfterLastTransferCmd), (22 bytes).
    Removing stm32f4xx_adc.o(i.ADC_DeInit), (22 bytes).
    Removing stm32f4xx_adc.o(i.ADC_DiscModeChannelCountConfig), (24 bytes).
    Removing stm32f4xx_adc.o(i.ADC_DiscModeCmd), (22 bytes).
    Removing stm32f4xx_adc.o(i.ADC_EOCOnEachRegularChannelCmd), (22 bytes).
    Removing stm32f4xx_adc.o(i.ADC_ExternalTrigInjectedConvConfig), (16 bytes).
    Removing stm32f4xx_adc.o(i.ADC_ExternalTrigInjectedConvEdgeConfig), (16 bytes).
    Removing stm32f4xx_adc.o(i.ADC_GetConversionValue), (8 bytes).
    Removing stm32f4xx_adc.o(i.ADC_GetFlagStatus), (18 bytes).
    Removing stm32f4xx_adc.o(i.ADC_GetITStatus), (38 bytes).
    Removing stm32f4xx_adc.o(i.ADC_GetInjectedConversionValue), (18 bytes).
    Removing stm32f4xx_adc.o(i.ADC_GetMultiModeConversionValue), (12 bytes).
    Removing stm32f4xx_adc.o(i.ADC_GetSoftwareStartConvStatus), (20 bytes).
    Removing stm32f4xx_adc.o(i.ADC_GetSoftwareStartInjectedConvCmdStatus), (20 bytes).
    Removing stm32f4xx_adc.o(i.ADC_ITConfig), (32 bytes).
    Removing stm32f4xx_adc.o(i.ADC_Init), (84 bytes).
    Removing stm32f4xx_adc.o(i.ADC_InjectedChannelConfig), (130 bytes).
    Removing stm32f4xx_adc.o(i.ADC_InjectedDiscModeCmd), (22 bytes).
    Removing stm32f4xx_adc.o(i.ADC_InjectedSequencerLengthConfig), (24 bytes).
    Removing stm32f4xx_adc.o(i.ADC_MultiModeDMARequestAfterLastTransferCmd), (44 bytes).
    Removing stm32f4xx_adc.o(i.ADC_RegularChannelConfig), (184 bytes).
    Removing stm32f4xx_adc.o(i.ADC_SetInjectedOffset), (12 bytes).
    Removing stm32f4xx_adc.o(i.ADC_SoftwareStartConv), (10 bytes).
    Removing stm32f4xx_adc.o(i.ADC_SoftwareStartInjectedConv), (10 bytes).
    Removing stm32f4xx_adc.o(i.ADC_StructInit), (20 bytes).
    Removing stm32f4xx_adc.o(i.ADC_TempSensorVrefintCmd), (44 bytes).
    Removing stm32f4xx_adc.o(i.ADC_VBATCmd), (44 bytes).
    Removing startup_stm32f4xx.o(HEAP), (512 bytes).
    Removing dneg.o(.text), (6 bytes).
    Removing cdcmple.o(.text), (40 bytes).

350 unused section(s) (total 12599 bytes) removed from the image.

==============================================================================

Image Symbol Table

    Local Symbols

    Symbol Name                              Value     Ov Type        Size  Object(Section)

    ../clib/../cmprslib/lz77c.c              0x00000000   Number         0  __dclz77c.o ABSOLUTE
    ../clib/microlib/errno.c                 0x00000000   Number         0  errno.o ABSOLUTE
    ../clib/microlib/init/entry.s            0x00000000   Number         0  entry2.o ABSOLUTE
    ../clib/microlib/init/entry.s            0x00000000   Number         0  entry.o ABSOLUTE
    ../clib/microlib/init/entry.s            0x00000000   Number         0  entry8.o ABSOLUTE
    ../clib/microlib/init/entry.s            0x00000000   Number         0  entry5.o ABSOLUTE
    ../clib/microlib/init/entry.s            0x00000000   Number         0  entry7b.o ABSOLUTE
    ../clib/microlib/init/entry.s            0x00000000   Number         0  entry7a.o ABSOLUTE
    ../clib/microlib/longlong.c              0x00000000   Number         0  llushr.o ABSOLUTE
    ../clib/microlib/longlong.c              0x00000000   Number         0  llsshr.o ABSOLUTE
    ../clib/microlib/longlong.c              0x00000000   Number         0  llshl.o ABSOLUTE
    ../clib/microlib/stubs.s                 0x00000000   Number         0  iusefp.o ABSOLUTE
    ../fplib/microlib/fpadd.c                0x00000000   Number         0  dadd.o ABSOLUTE
    ../fplib/microlib/fpdiv.c                0x00000000   Number         0  ddiv.o ABSOLUTE
    ../fplib/microlib/fpepilogue.c           0x00000000   Number         0  depilogue.o ABSOLUTE
    ../fplib/microlib/fpmul.c                0x00000000   Number         0  dmul.o ABSOLUTE
    ../fplib/microlib/fpneg.c                0x00000000   Number         0  dneg.o ABSOLUTE
    ../fplib/microlib/fpsqrt.c               0x00000000   Number         0  dsqrt.o ABSOLUTE
    ../mathlib/sqrt.c                        0x00000000   Number         0  sqrt.o ABSOLUTE
    ../mathlib/sqrt.c                        0x00000000   Number         0  sqrt_x.o ABSOLUTE
    ..\\main.c                               0x00000000   Number         0  main.o ABSOLUTE
    ..\\stm32f4_discovery.c                  0x00000000   Number         0  stm32f4_discovery.o ABSOLUTE
    ..\\stm32f4xx_flash.c                    0x00000000   Number         0  stm32f4xx_flash.o ABSOLUTE
    ..\\stm32f4xx_it.c                       0x00000000   Number         0  stm32f4xx_it.o ABSOLUTE
    ..\\stm32f4xx_spi.c                      0x00000000   Number         0  stm32f4xx_spi.o ABSOLUTE
    ..\\stm32f4xx_tim.c                      0x00000000   Number         0  stm32f4xx_tim.o ABSOLUTE
    ..\\stm32f4xx_usart.c                    0x00000000   Number         0  stm32f4xx_usart.o ABSOLUTE
    ..\\system_stm32f4xx.c                   0x00000000   Number         0  system_stm32f4xx.o ABSOLUTE
    ..\main.c                                0x00000000   Number         0  main.o ABSOLUTE
    ..\stm32f4_discovery.c                   0x00000000   Number         0  stm32f4_discovery.o ABSOLUTE
    ..\stm32f4xx_flash.c                     0x00000000   Number         0  stm32f4xx_flash.o ABSOLUTE
    ..\stm32f4xx_it.c                        0x00000000   Number         0  stm32f4xx_it.o ABSOLUTE
    ..\stm32f4xx_spi.c                       0x00000000   Number         0  stm32f4xx_spi.o ABSOLUTE
    ..\stm32f4xx_tim.c                       0x00000000   Number         0  stm32f4xx_tim.o ABSOLUTE
    ..\stm32f4xx_usart.c                     0x00000000   Number         0  stm32f4xx_usart.o ABSOLUTE
    ..\system_stm32f4xx.c                    0x00000000   Number         0  system_stm32f4xx.o ABSOLUTE
    C:\Keil\Workspace\ADC3_DMA\misc.c        0x00000000   Number         0  misc.o ABSOLUTE
    C:\Keil\Workspace\ADC3_DMA\stm32f4xx_adc.c 0x00000000   Number         0  stm32f4xx_adc.o ABSOLUTE
    C:\Keil\Workspace\ADC3_DMA\stm32f4xx_dma.c 0x00000000   Number         0  stm32f4xx_dma.o ABSOLUTE
    C:\Keil\Workspace\ADC3_DMA\stm32f4xx_exti.c 0x00000000   Number         0  stm32f4xx_exti.o ABSOLUTE
    C:\Keil\Workspace\ADC3_DMA\stm32f4xx_gpio.c 0x00000000   Number         0  stm32f4xx_gpio.o ABSOLUTE
    C:\Keil\Workspace\ADC3_DMA\stm32f4xx_rcc.c 0x00000000   Number         0  stm32f4xx_rcc.o ABSOLUTE
    C:\Keil\Workspace\ADC3_DMA\stm32f4xx_syscfg.c 0x00000000   Number         0  stm32f4xx_syscfg.o ABSOLUTE
    C:\Keil\Workspace\STM32F4-Discovery_FW_V1.1.0\Libraries\CMSIS\ST\STM32F4xx\Source\Templates\arm\startup_stm32f4xx.s 0x00000000   Number         0  startup_stm32f4xx.o ABSOLUTE
    C:\\Keil\\Workspace\\ADC3_DMA\\misc.c    0x00000000   Number         0  misc.o ABSOLUTE
    C:\\Keil\\Workspace\\ADC3_DMA\\stm32f4xx_adc.c 0x00000000   Number         0  stm32f4xx_adc.o ABSOLUTE
    C:\\Keil\\Workspace\\ADC3_DMA\\stm32f4xx_dma.c 0x00000000   Number         0  stm32f4xx_dma.o ABSOLUTE
    C:\\Keil\\Workspace\\ADC3_DMA\\stm32f4xx_exti.c 0x00000000   Number         0  stm32f4xx_exti.o ABSOLUTE
    C:\\Keil\\Workspace\\ADC3_DMA\\stm32f4xx_gpio.c 0x00000000   Number         0  stm32f4xx_gpio.o ABSOLUTE
    C:\\Keil\\Workspace\\ADC3_DMA\\stm32f4xx_rcc.c 0x00000000   Number         0  stm32f4xx_rcc.o ABSOLUTE
    C:\\Keil\\Workspace\\ADC3_DMA\\stm32f4xx_syscfg.c 0x00000000   Number         0  stm32f4xx_syscfg.o ABSOLUTE
    cdcmple.s                                0x00000000   Number         0  cdcmple.o ABSOLUTE
    cdrcmple.s                               0x00000000   Number         0  cdrcmple.o ABSOLUTE
    dc.s                                     0x00000000   Number         0  dc.o ABSOLUTE
    handlers.s                               0x00000000   Number         0  handlers.o ABSOLUTE
    init.s                                   0x00000000   Number         0  init.o ABSOLUTE
    RESET                                    0x08000000   Section      392  startup_stm32f4xx.o(RESET)
    .ARM.Collect$$$$00000000                 0x08000188   Section        0  entry.o(.ARM.Collect$$$$00000000)
    .ARM.Collect$$$$00000001                 0x08000188   Section        4  entry2.o(.ARM.Collect$$$$00000001)
    .ARM.Collect$$$$00000004                 0x0800018c   Section        4  entry5.o(.ARM.Collect$$$$00000004)
    .ARM.Collect$$$$00000008                 0x08000190   Section        0  entry7b.o(.ARM.Collect$$$$00000008)
    .ARM.Collect$$$$00000009                 0x08000190   Section        8  entry8.o(.ARM.Collect$$$$00000009)
    .ARM.Collect$$$$00002712                 0x08000198   Section        4  entry2.o(.ARM.Collect$$$$00002712)
    __lit__00000000                          0x08000198   Data           4  entry2.o(.ARM.Collect$$$$00002712)
    .text                                    0x0800019c   Section       36  startup_stm32f4xx.o(.text)
    $v0                                      0x0800019c   Number         0  startup_stm32f4xx.o(.text)
    .text                                    0x080001c0   Section        0  dadd.o(.text)
    .text                                    0x0800030e   Section        0  dmul.o(.text)
    .text                                    0x080003f2   Section        0  ddiv.o(.text)
    .text                                    0x080004d0   Section       40  cdrcmple.o(.text)
    .text                                    0x080004f8   Section        0  llshl.o(.text)
    .text                                    0x08000516   Section        0  llsshr.o(.text)
    .text                                    0x0800053a   Section        0  depilogue.o(.text)
    .text                                    0x0800053a   Section        0  iusefp.o(.text)
    .text                                    0x080005f8   Section        0  dsqrt.o(.text)
    .text                                    0x0800069c   Section       36  init.o(.text)
    .text                                    0x080006c0   Section        0  llushr.o(.text)
    .text                                    0x080006e0   Section        0  __dclz77c.o(.text)
    i.BusFault_Handler                       0x08000740   Section        0  stm32f4xx_it.o(i.BusFault_Handler)
    i.Cl                                     0x08000744   Section        0  main.o(i.Cl)
    i.Cm                                     0x08000888   Section        0  main.o(i.Cm)
    i.Cn                                     0x08000a48   Section        0  main.o(i.Cn)
    i.Cx                                     0x08000b24   Section        0  main.o(i.Cx)
    i.Cy                                     0x08000dbc   Section        0  main.o(i.Cy)
    i.Cz                                     0x08000e98   Section        0  main.o(i.Cz)
    i.DebugMon_Handler                       0x08001138   Section        0  stm32f4xx_it.o(i.DebugMon_Handler)
    i.Delay                                  0x0800113a   Section        0  main.o(i.Delay)
    i.GPIO_Init                              0x08001146   Section        0  stm32f4xx_gpio.o(i.GPIO_Init)
    i.GPIO_ResetBits                         0x080011d6   Section        0  stm32f4xx_gpio.o(i.GPIO_ResetBits)
    i.GPIO_SetBits                           0x080011da   Section        0  stm32f4xx_gpio.o(i.GPIO_SetBits)
    i.HardFault_Handler                      0x080011de   Section        0  stm32f4xx_it.o(i.HardFault_Handler)
    i.L                                      0x080011e4   Section        0  main.o(i.L)
    i.M                                      0x080012c0   Section        0  main.o(i.M)
    i.MemManage_Handler                      0x08001388   Section        0  stm32f4xx_it.o(i.MemManage_Handler)
    i.N                                      0x0800138c   Section        0  main.o(i.N)
    i.NMI_Handler                            0x08001468   Section        0  stm32f4xx_it.o(i.NMI_Handler)
    i.PendSV_Handler                         0x0800146a   Section        0  stm32f4xx_it.o(i.PendSV_Handler)
    i.RCC_AHB1PeriphClockCmd                 0x0800146c   Section        0  stm32f4xx_rcc.o(i.RCC_AHB1PeriphClockCmd)
    i.SVC_Handler                            0x0800148c   Section        0  stm32f4xx_it.o(i.SVC_Handler)
    i.SetSysClock                            0x08001490   Section        0  system_stm32f4xx.o(i.SetSysClock)
    SetSysClock                              0x08001491   Thumb Code   198  system_stm32f4xx.o(i.SetSysClock)
    i.SysTick_Handler                        0x08001568   Section        0  stm32f4xx_it.o(i.SysTick_Handler)
    i.SystemInit                             0x0800156c   Section        0  system_stm32f4xx.o(i.SystemInit)
    i.UsageFault_Handler                     0x080015d4   Section        0  stm32f4xx_it.o(i.UsageFault_Handler)
    i.V                                      0x080015d8   Section        0  main.o(i.V)
    i.__hardfp_sqrt                          0x08001678   Section        0  sqrt.o(i.__hardfp_sqrt)
    i.__scatterload_copy                     0x080016f2   Section       14  handlers.o(i.__scatterload_copy)
    i.__scatterload_null                     0x08001700   Section        2  handlers.o(i.__scatterload_null)
    i.__scatterload_zeroinit                 0x08001702   Section       14  handlers.o(i.__scatterload_zeroinit)
    i.__set_errno                            0x08001710   Section        0  errno.o(i.__set_errno)
    i.alpha                                  0x0800171c   Section        0  main.o(i.alpha)
    i.beta                                   0x08001748   Section        0  main.o(i.beta)
    i.cholesky                               0x080017a0   Section        0  main.o(i.cholesky)
    i.f                                      0x0800194c   Section        0  main.o(i.f)
    i.h                                      0x08003c30   Section        0  main.o(i.h)
    i.init_GPIO                              0x080041f8   Section        0  main.o(i.init_GPIO)
    i.inverse                                0x0800422c   Section        0  main.o(i.inverse)
    i.magZ                                   0x08004600   Section        0  main.o(i.magZ)
    i.main                                   0x08004840   Section        0  main.o(i.main)
    i.mult                                   0x08004938   Section        0  main.o(i.mult)
    i.qbar                                   0x080049fc   Section        0  main.o(i.qbar)
    i.sigmas                                 0x08004ac0   Section        0  main.o(i.sigmas)
    i.ukf                                    0x08004c4c   Section        0  main.o(i.ukf)
    i.ut1                                    0x080050bc   Section        0  main.o(i.ut1)
    i.ut2                                    0x080053b4   Section        0  main.o(i.ut2)
    .data                                    0x10000000   Section    10328  main.o(.data)
    .data                                    0x10002858   Section        4  errno.o(.data)
    _errno                                   0x10002858   Data           4  errno.o(.data)
    STACK                                    0x10002860   Section     1024  startup_stm32f4xx.o(STACK)
    .bss                                     0x20000000   Section    92752  main.o(.bss)

    Global Symbols

    Symbol Name                              Value     Ov Type        Size  Object(Section)

    BuildAttributes$$THM_ISAv4$E$P$D$K$B$S$7EM$VFPi3$EXTD16$VFPS$VFMA$PE$A:L22UL41UL21$X:L11$S22US41US21$IEEE1$IW$USESV6$~STKCKD$USESV7$~SHL$OTIME$ROPI$IEEEJ$EBA8$MICROLIB$REQ8$PRES8$EABIv2 0x00000000   Number         0  anon$$obj.o ABSOLUTE
    __ARM_use_no_argv                        0x00000000   Number         0  main.o ABSOLUTE
    _clock_init                               - Undefined Weak Reference
    __Vectors_Size                           0x00000188   Number         0  startup_stm32f4xx.o ABSOLUTE
    __Vectors                                0x08000000   Data           4  startup_stm32f4xx.o(RESET)
    __Vectors_End                            0x08000188   Data           0  startup_stm32f4xx.o(RESET)
    __main                                   0x08000189   Thumb Code     0  entry.o(.ARM.Collect$$$$00000000)
    _main_stk                                0x08000189   Thumb Code     0  entry2.o(.ARM.Collect$$$$00000001)
    _main_scatterload                        0x0800018d   Thumb Code     0  entry5.o(.ARM.Collect$$$$00000004)
    __main_after_scatterload                 0x08000191   Thumb Code     0  entry5.o(.ARM.Collect$$$$00000004)
    _main_clock                              0x08000191   Thumb Code     0  entry7b.o(.ARM.Collect$$$$00000008)
    _main_init                               0x08000191   Thumb Code     0  entry8.o(.ARM.Collect$$$$00000009)
    Reset_Handler                            0x0800019d   Thumb Code     8  startup_stm32f4xx.o(.text)
    ADC_IRQHandler                           0x080001b7   Thumb Code     0  startup_stm32f4xx.o(.text)
    CAN1_RX0_IRQHandler                      0x080001b7   Thumb Code     0  startup_stm32f4xx.o(.text)
    CAN1_RX1_IRQHandler                      0x080001b7   Thumb Code     0  startup_stm32f4xx.o(.text)
    CAN1_SCE_IRQHandler                      0x080001b7   Thumb Code     0  startup_stm32f4xx.o(.text)
    CAN1_TX_IRQHandler                       0x080001b7   Thumb Code     0  startup_stm32f4xx.o(.text)
    CAN2_RX0_IRQHandler                      0x080001b7   Thumb Code     0  startup_stm32f4xx.o(.text)
    CAN2_RX1_IRQHandler                      0x080001b7   Thumb Code     0  startup_stm32f4xx.o(.text)
    CAN2_SCE_IRQHandler                      0x080001b7   Thumb Code     0  startup_stm32f4xx.o(.text)
    CAN2_TX_IRQHandler                       0x080001b7   Thumb Code     0  startup_stm32f4xx.o(.text)
    CRYP_IRQHandler                          0x080001b7   Thumb Code     0  startup_stm32f4xx.o(.text)
    DCMI_IRQHandler                          0x080001b7   Thumb Code     0  startup_stm32f4xx.o(.text)
    DMA1_Stream0_IRQHandler                  0x080001b7   Thumb Code     0  startup_stm32f4xx.o(.text)
    DMA1_Stream1_IRQHandler                  0x080001b7   Thumb Code     0  startup_stm32f4xx.o(.text)
    DMA1_Stream2_IRQHandler                  0x080001b7   Thumb Code     0  startup_stm32f4xx.o(.text)
    DMA1_Stream3_IRQHandler                  0x080001b7   Thumb Code     0  startup_stm32f4xx.o(.text)
    DMA1_Stream4_IRQHandler                  0x080001b7   Thumb Code     0  startup_stm32f4xx.o(.text)
    DMA1_Stream5_IRQHandler                  0x080001b7   Thumb Code     0  startup_stm32f4xx.o(.text)
    DMA1_Stream6_IRQHandler                  0x080001b7   Thumb Code     0  startup_stm32f4xx.o(.text)
    DMA1_Stream7_IRQHandler                  0x080001b7   Thumb Code     0  startup_stm32f4xx.o(.text)
    DMA2_Stream0_IRQHandler                  0x080001b7   Thumb Code     0  startup_stm32f4xx.o(.text)
    DMA2_Stream1_IRQHandler                  0x080001b7   Thumb Code     0  startup_stm32f4xx.o(.text)
    DMA2_Stream2_IRQHandler                  0x080001b7   Thumb Code     0  startup_stm32f4xx.o(.text)
    DMA2_Stream3_IRQHandler                  0x080001b7   Thumb Code     0  startup_stm32f4xx.o(.text)
    DMA2_Stream4_IRQHandler                  0x080001b7   Thumb Code     0  startup_stm32f4xx.o(.text)
    DMA2_Stream5_IRQHandler                  0x080001b7   Thumb Code     0  startup_stm32f4xx.o(.text)
    DMA2_Stream6_IRQHandler                  0x080001b7   Thumb Code     0  startup_stm32f4xx.o(.text)
    DMA2_Stream7_IRQHandler                  0x080001b7   Thumb Code     0  startup_stm32f4xx.o(.text)
    ETH_IRQHandler                           0x080001b7   Thumb Code     0  startup_stm32f4xx.o(.text)
    ETH_WKUP_IRQHandler                      0x080001b7   Thumb Code     0  startup_stm32f4xx.o(.text)
    EXTI0_IRQHandler                         0x080001b7   Thumb Code     0  startup_stm32f4xx.o(.text)
    EXTI15_10_IRQHandler                     0x080001b7   Thumb Code     0  startup_stm32f4xx.o(.text)
    EXTI1_IRQHandler                         0x080001b7   Thumb Code     0  startup_stm32f4xx.o(.text)
    EXTI2_IRQHandler                         0x080001b7   Thumb Code     0  startup_stm32f4xx.o(.text)
    EXTI3_IRQHandler                         0x080001b7   Thumb Code     0  startup_stm32f4xx.o(.text)
    EXTI4_IRQHandler                         0x080001b7   Thumb Code     0  startup_stm32f4xx.o(.text)
    EXTI9_5_IRQHandler                       0x080001b7   Thumb Code     0  startup_stm32f4xx.o(.text)
    FLASH_IRQHandler                         0x080001b7   Thumb Code     0  startup_stm32f4xx.o(.text)
    FPU_IRQHandler                           0x080001b7   Thumb Code     0  startup_stm32f4xx.o(.text)
    FSMC_IRQHandler                          0x080001b7   Thumb Code     0  startup_stm32f4xx.o(.text)
    HASH_RNG_IRQHandler                      0x080001b7   Thumb Code     0  startup_stm32f4xx.o(.text)
    I2C1_ER_IRQHandler                       0x080001b7   Thumb Code     0  startup_stm32f4xx.o(.text)
    I2C1_EV_IRQHandler                       0x080001b7   Thumb Code     0  startup_stm32f4xx.o(.text)
    I2C2_ER_IRQHandler                       0x080001b7   Thumb Code     0  startup_stm32f4xx.o(.text)
    I2C2_EV_IRQHandler                       0x080001b7   Thumb Code     0  startup_stm32f4xx.o(.text)
    I2C3_ER_IRQHandler                       0x080001b7   Thumb Code     0  startup_stm32f4xx.o(.text)
    I2C3_EV_IRQHandler                       0x080001b7   Thumb Code     0  startup_stm32f4xx.o(.text)
    OTG_FS_IRQHandler                        0x080001b7   Thumb Code     0  startup_stm32f4xx.o(.text)
    OTG_FS_WKUP_IRQHandler                   0x080001b7   Thumb Code     0  startup_stm32f4xx.o(.text)
    OTG_HS_EP1_IN_IRQHandler                 0x080001b7   Thumb Code     0  startup_stm32f4xx.o(.text)
    OTG_HS_EP1_OUT_IRQHandler                0x080001b7   Thumb Code     0  startup_stm32f4xx.o(.text)
    OTG_HS_IRQHandler                        0x080001b7   Thumb Code     0  startup_stm32f4xx.o(.text)
    OTG_HS_WKUP_IRQHandler                   0x080001b7   Thumb Code     0  startup_stm32f4xx.o(.text)
    PVD_IRQHandler                           0x080001b7   Thumb Code     0  startup_stm32f4xx.o(.text)
    RCC_IRQHandler                           0x080001b7   Thumb Code     0  startup_stm32f4xx.o(.text)
    RTC_Alarm_IRQHandler                     0x080001b7   Thumb Code     0  startup_stm32f4xx.o(.text)
    RTC_WKUP_IRQHandler                      0x080001b7   Thumb Code     0  startup_stm32f4xx.o(.text)
    SDIO_IRQHandler                          0x080001b7   Thumb Code     0  startup_stm32f4xx.o(.text)
    SPI1_IRQHandler                          0x080001b7   Thumb Code     0  startup_stm32f4xx.o(.text)
    SPI2_IRQHandler                          0x080001b7   Thumb Code     0  startup_stm32f4xx.o(.text)
    SPI3_IRQHandler                          0x080001b7   Thumb Code     0  startup_stm32f4xx.o(.text)
    TAMP_STAMP_IRQHandler                    0x080001b7   Thumb Code     0  startup_stm32f4xx.o(.text)
    TIM1_BRK_TIM9_IRQHandler                 0x080001b7   Thumb Code     0  startup_stm32f4xx.o(.text)
    TIM1_CC_IRQHandler                       0x080001b7   Thumb Code     0  startup_stm32f4xx.o(.text)
    TIM1_TRG_COM_TIM11_IRQHandler            0x080001b7   Thumb Code     0  startup_stm32f4xx.o(.text)
    TIM1_UP_TIM10_IRQHandler                 0x080001b7   Thumb Code     0  startup_stm32f4xx.o(.text)
    TIM2_IRQHandler                          0x080001b7   Thumb Code     0  startup_stm32f4xx.o(.text)
    TIM3_IRQHandler                          0x080001b7   Thumb Code     0  startup_stm32f4xx.o(.text)
    TIM4_IRQHandler                          0x080001b7   Thumb Code     0  startup_stm32f4xx.o(.text)
    TIM5_IRQHandler                          0x080001b7   Thumb Code     0  startup_stm32f4xx.o(.text)
    TIM6_DAC_IRQHandler                      0x080001b7   Thumb Code     0  startup_stm32f4xx.o(.text)
    TIM7_IRQHandler                          0x080001b7   Thumb Code     0  startup_stm32f4xx.o(.text)
    TIM8_BRK_TIM12_IRQHandler                0x080001b7   Thumb Code     0  startup_stm32f4xx.o(.text)
    TIM8_CC_IRQHandler                       0x080001b7   Thumb Code     0  startup_stm32f4xx.o(.text)
    TIM8_TRG_COM_TIM14_IRQHandler            0x080001b7   Thumb Code     0  startup_stm32f4xx.o(.text)
    TIM8_UP_TIM13_IRQHandler                 0x080001b7   Thumb Code     0  startup_stm32f4xx.o(.text)
    UART4_IRQHandler                         0x080001b7   Thumb Code     0  startup_stm32f4xx.o(.text)
    UART5_IRQHandler                         0x080001b7   Thumb Code     0  startup_stm32f4xx.o(.text)
    USART1_IRQHandler                        0x080001b7   Thumb Code     0  startup_stm32f4xx.o(.text)
    USART2_IRQHandler                        0x080001b7   Thumb Code     0  startup_stm32f4xx.o(.text)
    USART3_IRQHandler                        0x080001b7   Thumb Code     0  startup_stm32f4xx.o(.text)
    USART6_IRQHandler                        0x080001b7   Thumb Code     0  startup_stm32f4xx.o(.text)
    WWDG_IRQHandler                          0x080001b7   Thumb Code     0  startup_stm32f4xx.o(.text)
    __aeabi_dadd                             0x080001c1   Thumb Code   322  dadd.o(.text)
    __aeabi_dsub                             0x08000303   Thumb Code     6  dadd.o(.text)
    __aeabi_drsub                            0x08000309   Thumb Code     6  dadd.o(.text)
    __aeabi_dmul                             0x0800030f   Thumb Code   228  dmul.o(.text)
    __aeabi_ddiv                             0x080003f3   Thumb Code   222  ddiv.o(.text)
    __aeabi_cdrcmple                         0x080004d1   Thumb Code    38  cdrcmple.o(.text)
    __aeabi_llsl                             0x080004f9   Thumb Code    30  llshl.o(.text)
    _ll_shift_l                              0x080004f9   Thumb Code     0  llshl.o(.text)
    __aeabi_lasr                             0x08000517   Thumb Code    36  llsshr.o(.text)
    _ll_sshift_r                             0x08000517   Thumb Code     0  llsshr.o(.text)
    __I$use$fp                               0x0800053b   Thumb Code     0  iusefp.o(.text)
    _double_round                            0x0800053b   Thumb Code    26  depilogue.o(.text)
    _double_epilogue                         0x08000555   Thumb Code   164  depilogue.o(.text)
    _dsqrt                                   0x080005f9   Thumb Code   162  dsqrt.o(.text)
    __scatterload                            0x0800069d   Thumb Code    28  init.o(.text)
    __scatterload_rt2                        0x0800069d   Thumb Code     0  init.o(.text)
    __aeabi_llsr                             0x080006c1   Thumb Code    32  llushr.o(.text)
    _ll_ushift_r                             0x080006c1   Thumb Code     0  llushr.o(.text)
    __decompress                             0x080006e1   Thumb Code     0  __dclz77c.o(.text)
    __decompress2                            0x080006e1   Thumb Code    96  __dclz77c.o(.text)
    BusFault_Handler                         0x08000741   Thumb Code     4  stm32f4xx_it.o(i.BusFault_Handler)
    Cl                                       0x08000745   Thumb Code   288  main.o(i.Cl)
    Cm                                       0x08000889   Thumb Code   382  main.o(i.Cm)
    Cn                                       0x08000a49   Thumb Code   194  main.o(i.Cn)
    Cx                                       0x08000b25   Thumb Code   614  main.o(i.Cx)
    Cy                                       0x08000dbd   Thumb Code   194  main.o(i.Cy)
    Cz                                       0x08000e99   Thumb Code   614  main.o(i.Cz)
    DebugMon_Handler                         0x08001139   Thumb Code     2  stm32f4xx_it.o(i.DebugMon_Handler)
    Delay                                    0x0800113b   Thumb Code    12  main.o(i.Delay)
    GPIO_Init                                0x08001147   Thumb Code   144  stm32f4xx_gpio.o(i.GPIO_Init)
    GPIO_ResetBits                           0x080011d7   Thumb Code     4  stm32f4xx_gpio.o(i.GPIO_ResetBits)
    GPIO_SetBits                             0x080011db   Thumb Code     4  stm32f4xx_gpio.o(i.GPIO_SetBits)
    HardFault_Handler                        0x080011df   Thumb Code     4  stm32f4xx_it.o(i.HardFault_Handler)
    L                                        0x080011e5   Thumb Code   210  main.o(i.L)
    M                                        0x080012c1   Thumb Code   192  main.o(i.M)
    MemManage_Handler                        0x08001389   Thumb Code     4  stm32f4xx_it.o(i.MemManage_Handler)
    N                                        0x0800138d   Thumb Code   210  main.o(i.N)
    NMI_Handler                              0x08001469   Thumb Code     2  stm32f4xx_it.o(i.NMI_Handler)
    PendSV_Handler                           0x0800146b   Thumb Code     2  stm32f4xx_it.o(i.PendSV_Handler)
    RCC_AHB1PeriphClockCmd                   0x0800146d   Thumb Code    26  stm32f4xx_rcc.o(i.RCC_AHB1PeriphClockCmd)
    SVC_Handler                              0x0800148d   Thumb Code     2  stm32f4xx_it.o(i.SVC_Handler)
    SysTick_Handler                          0x08001569   Thumb Code     2  stm32f4xx_it.o(i.SysTick_Handler)
    SystemInit                               0x0800156d   Thumb Code    88  system_stm32f4xx.o(i.SystemInit)
    UsageFault_Handler                       0x080015d5   Thumb Code     4  stm32f4xx_it.o(i.UsageFault_Handler)
    V                                        0x080015d9   Thumb Code   160  main.o(i.V)
    __hardfp_sqrt                            0x08001679   Thumb Code   122  sqrt.o(i.__hardfp_sqrt)
    __scatterload_copy                       0x080016f3   Thumb Code    14  handlers.o(i.__scatterload_copy)
    __scatterload_null                       0x08001701   Thumb Code     2  handlers.o(i.__scatterload_null)
    __scatterload_zeroinit                   0x08001703   Thumb Code    14  handlers.o(i.__scatterload_zeroinit)
    __set_errno                              0x08001711   Thumb Code     6  errno.o(i.__set_errno)
    alpha                                    0x0800171d   Thumb Code    44  main.o(i.alpha)
    beta                                     0x08001749   Thumb Code    88  main.o(i.beta)
    cholesky                                 0x080017a1   Thumb Code   402  main.o(i.cholesky)
    f                                        0x0800194d   Thumb Code  8926  main.o(i.f)
    h                                        0x08003c31   Thumb Code  1460  main.o(i.h)
    init_GPIO                                0x080041f9   Thumb Code    46  main.o(i.init_GPIO)
    inverse                                  0x0800422d   Thumb Code   952  main.o(i.inverse)
    magZ                                     0x08004601   Thumb Code   544  main.o(i.magZ)
    main                                     0x08004841   Thumb Code   168  main.o(i.main)
    mult                                     0x08004939   Thumb Code   184  main.o(i.mult)
    qbar                                     0x080049fd   Thumb Code   182  main.o(i.qbar)
    sigmas                                   0x08004ac1   Thumb Code   386  main.o(i.sigmas)
    ukf                                      0x08004c4d   Thumb Code  1136  main.o(i.ukf)
    ut1                                      0x080050bd   Thumb Code   736  main.o(i.ut1)
    ut2                                      0x080053b5   Thumb Code   756  main.o(i.ut2)
    Region$$Table$$Base                      0x080056c4   Number         0  anon$$obj.o(Region$$Table)
    Region$$Table$$Limit                     0x080056f4   Number         0  anon$$obj.o(Region$$Table)
    gravity                                  0x10000000   Data           8  main.o(.data)
    rho                                      0x10000008   Data           8  main.o(.data)
    mass                                     0x10000010   Data           8  main.o(.data)
    motor                                    0x10000018   Data           8  main.o(.data)
    S                                        0x10000020   Data           8  main.o(.data)
    b                                        0x10000028   Data           8  main.o(.data)
    c                                        0x10000030   Data           8  main.o(.data)
    Ixx                                      0x10000038   Data           8  main.o(.data)
    Iyy                                      0x10000040   Data           8  main.o(.data)
    Izz                                      0x10000048   Data           8  main.o(.data)
    Ixz                                      0x10000050   Data           8  main.o(.data)
    dt                                       0x10000058   Data           8  main.o(.data)
    Q                                        0x10000060   Data        4608  main.o(.data)
    R                                        0x10001260   Data         800  main.o(.data)
    i                                        0x10001580   Data           8  main.o(.data)
    di                                       0x10001588   Data           8  main.o(.data)
    h_cg                                     0x10001590   Data           8  main.o(.data)
    cbuoy                                    0x10001598   Data           8  main.o(.data)
    z                                        0x100015a0   Data          80  main.o(.data)
    P                                        0x100015f0   Data        4608  main.o(.data)
    d                                        0x100027f0   Data           8  main.o(.data)
    s                                        0x100027f8   Data           8  main.o(.data)
    uL                                       0x10002800   Data           8  main.o(.data)
    m                                        0x10002808   Data           8  main.o(.data)
    ualpha                                   0x10002810   Data           8  main.o(.data)
    ki                                       0x10002818   Data           8  main.o(.data)
    ubeta                                    0x10002820   Data           8  main.o(.data)
    lambda                                   0x10002828   Data           8  main.o(.data)
    uc                                       0x10002830   Data           8  main.o(.data)
    utL                                      0x10002838   Data           8  main.o(.data)
    sum                                      0x10002840   Data           8  main.o(.data)
    buoyancy                                 0x10002848   Data           8  main.o(.data)
    netbuoyancy                              0x10002850   Data           8  main.o(.data)
    __initial_sp                             0x10002c60   Data           0  startup_stm32f4xx.o(STACK)
    x                                        0x20000000   Data         192  main.o(.bss)
    X                                        0x200000c0   Data        9408  main.o(.bss)
    LL                                       0x20002580   Data        4608  main.o(.bss)
    A                                        0x20003780   Data        4608  main.o(.bss)
    Y                                        0x20004980   Data        4608  main.o(.bss)
    fout                                     0x20005b80   Data         192  main.o(.bss)
    XF                                       0x20005c40   Data         192  main.o(.bss)
    XH                                       0x20005d00   Data          80  main.o(.bss)
    X2T                                      0x20005d50   Data        9408  main.o(.bss)
    hout                                     0x20008210   Data          80  main.o(.bss)
    Z2T                                      0x20008260   Data        3920  main.o(.bss)
    test                                     0x200091b0   Data         800  main.o(.bss)
    Wc                                       0x200094d0   Data         392  main.o(.bss)
    Wm                                       0x20009658   Data         392  main.o(.bss)
    invmat                                   0x200097e0   Data         800  main.o(.bss)
    functest                                 0x20009b00   Data          80  main.o(.bss)
    ztemp                                    0x20009b50   Data          80  main.o(.bss)
    x1                                       0x20009ba0   Data         192  main.o(.bss)
    X1                                       0x20009c60   Data        9408  main.o(.bss)
    P1                                       0x2000c120   Data        4608  main.o(.bss)
    X2                                       0x2000d320   Data        9408  main.o(.bss)
    z1                                       0x2000f7e0   Data          80  main.o(.bss)
    Z1                                       0x2000f830   Data        3920  main.o(.bss)
    P2                                       0x20010780   Data         800  main.o(.bss)
    P2inv                                    0x20010aa0   Data         800  main.o(.bss)
    Z2                                       0x20010dc0   Data        3920  main.o(.bss)
    P12                                      0x20011d10   Data        1920  main.o(.bss)
    P12T                                     0x20012490   Data        1920  main.o(.bss)
    temp                                     0x20012c10   Data        9408  main.o(.bss)
    K                                        0x200150d0   Data        1920  main.o(.bss)
    PT                                       0x20015850   Data        4608  main.o(.bss)



==============================================================================

Memory Map of the image

  Image Entry point : 0x08000189

  Load Region LR_IROM1 (Base: 0x08000000, Size: 0x00007f50, Max: 0x00100000, ABSOLUTE, COMPRESSED[0x00006494])

    Execution Region ER_IROM1 (Base: 0x08000000, Size: 0x000056f4, Max: 0x00100000, ABSOLUTE)

    Base Addr    Size         Type   Attr      Idx    E Section Name        Object

    0x08000000   0x00000188   Data   RO         2495    RESET               startup_stm32f4xx.o
    0x08000188   0x00000000   Code   RO         2512  * .ARM.Collect$$$$00000000  mc_w.l(entry.o)
    0x08000188   0x00000004   Code   RO         2525    .ARM.Collect$$$$00000001  mc_w.l(entry2.o)
    0x0800018c   0x00000004   Code   RO         2528    .ARM.Collect$$$$00000004  mc_w.l(entry5.o)
    0x08000190   0x00000000   Code   RO         2530    .ARM.Collect$$$$00000008  mc_w.l(entry7b.o)
    0x08000190   0x00000008   Code   RO         2531    .ARM.Collect$$$$00000009  mc_w.l(entry8.o)
    0x08000198   0x00000004   Code   RO         2526    .ARM.Collect$$$$00002712  mc_w.l(entry2.o)
    0x0800019c   0x00000024   Code   RO         2496    .text               startup_stm32f4xx.o
    0x080001c0   0x0000014e   Code   RO         2515    .text               mf_w.l(dadd.o)
    0x0800030e   0x000000e4   Code   RO         2517    .text               mf_w.l(dmul.o)
    0x080003f2   0x000000de   Code   RO         2519    .text               mf_w.l(ddiv.o)
    0x080004d0   0x00000028   Code   RO         2523    .text               mf_w.l(cdrcmple.o)
    0x080004f8   0x0000001e   Code   RO         2532    .text               mc_w.l(llshl.o)
    0x08000516   0x00000024   Code   RO         2534    .text               mc_w.l(llsshr.o)
    0x0800053a   0x00000000   Code   RO         2543    .text               mc_w.l(iusefp.o)
    0x0800053a   0x000000be   Code   RO         2544    .text               mf_w.l(depilogue.o)
    0x080005f8   0x000000a2   Code   RO         2546    .text               mf_w.l(dsqrt.o)
    0x0800069a   0x00000002   PAD
    0x0800069c   0x00000024   Code   RO         2550    .text               mc_w.l(init.o)
    0x080006c0   0x00000020   Code   RO         2552    .text               mc_w.l(llushr.o)
    0x080006e0   0x00000060   Code   RO         2562    .text               mc_w.l(__dclz77c.o)
    0x08000740   0x00000004   Code   RO          297    i.BusFault_Handler  stm32f4xx_it.o
    0x08000744   0x00000144   Code   RO            3    i.Cl                main.o
    0x08000888   0x000001c0   Code   RO            4    i.Cm                main.o
    0x08000a48   0x000000dc   Code   RO            5    i.Cn                main.o
    0x08000b24   0x00000298   Code   RO            6    i.Cx                main.o
    0x08000dbc   0x000000dc   Code   RO            7    i.Cy                main.o
    0x08000e98   0x000002a0   Code   RO            8    i.Cz                main.o
    0x08001138   0x00000002   Code   RO          298    i.DebugMon_Handler  stm32f4xx_it.o
    0x0800113a   0x0000000c   Code   RO            9    i.Delay             main.o
    0x08001146   0x00000090   Code   RO         1901    i.GPIO_Init         stm32f4xx_gpio.o
    0x080011d6   0x00000004   Code   RO         1908    i.GPIO_ResetBits    stm32f4xx_gpio.o
    0x080011da   0x00000004   Code   RO         1909    i.GPIO_SetBits      stm32f4xx_gpio.o
    0x080011de   0x00000004   Code   RO          299    i.HardFault_Handler  stm32f4xx_it.o
    0x080011e2   0x00000002   PAD
    0x080011e4   0x000000dc   Code   RO           10    i.L                 main.o
    0x080012c0   0x000000c8   Code   RO           11    i.M                 main.o
    0x08001388   0x00000004   Code   RO          300    i.MemManage_Handler  stm32f4xx_it.o
    0x0800138c   0x000000dc   Code   RO           12    i.N                 main.o
    0x08001468   0x00000002   Code   RO          301    i.NMI_Handler       stm32f4xx_it.o
    0x0800146a   0x00000002   Code   RO          302    i.PendSV_Handler    stm32f4xx_it.o
    0x0800146c   0x00000020   Code   RO         1570    i.RCC_AHB1PeriphClockCmd  stm32f4xx_rcc.o
    0x0800148c   0x00000002   Code   RO          303    i.SVC_Handler       stm32f4xx_it.o
    0x0800148e   0x00000002   PAD
    0x08001490   0x000000d8   Code   RO          368    i.SetSysClock       system_stm32f4xx.o
    0x08001568   0x00000002   Code   RO          304    i.SysTick_Handler   stm32f4xx_it.o
    0x0800156a   0x00000002   PAD
    0x0800156c   0x00000068   Code   RO          370    i.SystemInit        system_stm32f4xx.o
    0x080015d4   0x00000004   Code   RO          305    i.UsageFault_Handler  stm32f4xx_it.o
    0x080015d8   0x000000a0   Code   RO           13    i.V                 main.o
    0x08001678   0x0000007a   Code   RO         2500    i.__hardfp_sqrt     m_wm.l(sqrt.o)
    0x080016f2   0x0000000e   Code   RO         2556    i.__scatterload_copy  mc_w.l(handlers.o)
    0x08001700   0x00000002   Code   RO         2557    i.__scatterload_null  mc_w.l(handlers.o)
    0x08001702   0x0000000e   Code   RO         2558    i.__scatterload_zeroinit  mc_w.l(handlers.o)
    0x08001710   0x0000000c   Code   RO         2538    i.__set_errno       mc_w.l(errno.o)
    0x0800171c   0x0000002c   Code   RO           14    i.alpha             main.o
    0x08001748   0x00000058   Code   RO           15    i.beta              main.o
    0x080017a0   0x000001ac   Code   RO           16    i.cholesky          main.o
    0x0800194c   0x000022e4   Code   RO           17    i.f                 main.o
    0x08003c30   0x000005c8   Code   RO           18    i.h                 main.o
    0x080041f8   0x00000034   Code   RO           19    i.init_GPIO         main.o
    0x0800422c   0x000003d4   Code   RO           20    i.inverse           main.o
    0x08004600   0x00000240   Code   RO           21    i.magZ              main.o
    0x08004840   0x000000f8   Code   RO           22    i.main              main.o
    0x08004938   0x000000c4   Code   RO           23    i.mult              main.o
    0x080049fc   0x000000c4   Code   RO           24    i.qbar              main.o
    0x08004ac0   0x0000018c   Code   RO           25    i.sigmas            main.o
    0x08004c4c   0x00000470   Code   RO           26    i.ukf               main.o
    0x080050bc   0x000002f8   Code   RO           27    i.ut1               main.o
    0x080053b4   0x00000310   Code   RO           28    i.ut2               main.o
    0x080056c4   0x00000030   Data   RO         2554    Region$$Table       anon$$obj.o


    Execution Region RW_IRAM2 (Base: 0x10000000, Size: 0x00002c60, Max: 0x00010000, ABSOLUTE, COMPRESSED[0x00000da0])

    Base Addr    Size         Type   Attr      Idx    E Section Name        Object

    0x10000000   0x00002858   Data   RW           30    .data               main.o
    0x10002858   0x00000004   Data   RW         2539    .data               mc_w.l(errno.o)
    0x1000285c   0x00000004   PAD
    0x10002860   0x00000400   Zero   RW         2493    STACK               startup_stm32f4xx.o


    Execution Region RW_IRAM1 (Base: 0x20000000, Size: 0x00016a50, Max: 0x00020000, ABSOLUTE)

    Base Addr    Size         Type   Attr      Idx    E Section Name        Object

    0x20000000   0x00016a50   Zero   RW           29    .bss                main.o


==============================================================================

Image component sizes


      Code (inc. data)   RO Data    RW Data    ZI Data      Debug   Object Name

     19656        884          0      10328      92752     256464   main.o
        36          8        392          0       1024        944   startup_stm32f4xx.o
       152          0          0          0          0       8204   stm32f4xx_gpio.o
        26          0          0          0          0       3622   stm32f4xx_it.o
        32          6          0          0          0        525   stm32f4xx_rcc.o
       320         34          0          0          0       1353   system_stm32f4xx.o

    ----------------------------------------------------------------------
     20228        932        440      10328      93776     271112   Object Totals
         0          0         48          0          0          0   (incl. Generated)
         6          0          0          0          0          0   (incl. Padding)

    ----------------------------------------------------------------------

      Code (inc. data)   RO Data    RW Data    ZI Data      Debug   Library Member Name

       122          0          0          0          0        148   sqrt.o
        96          0          0          0          0          0   __dclz77c.o
         0          0          0          0          0          0   entry.o
         8          4          0          0          0          0   entry2.o
         4          0          0          0          0          0   entry5.o
         0          0          0          0          0          0   entry7b.o
         8          4          0          0          0          0   entry8.o
        12          6          0          4          0         68   errno.o
        30          0          0          0          0          0   handlers.o
        36          8          0          0          0         68   init.o
         0          0          0          0          0          0   iusefp.o
        30          0          0          0          0         68   llshl.o
        36          0          0          0          0         68   llsshr.o
        32          0          0          0          0         68   llushr.o
        40          2          0          0          0         68   cdrcmple.o
       334          0          0          0          0        144   dadd.o
       222          0          0          0          0        100   ddiv.o
       190          0          0          0          0        176   depilogue.o
       228          0          0          0          0         92   dmul.o
       162          0          0          0          0        100   dsqrt.o

    ----------------------------------------------------------------------
      1592         24          0          4          4       1168   Library Totals
         2          0          0          0          4          0   (incl. Padding)

    ----------------------------------------------------------------------

      Code (inc. data)   RO Data    RW Data    ZI Data      Debug   Library Name

       122          0          0          0          0        148   m_wm.l
       292         22          0          4          0        340   mc_w.l
      1176          2          0          0          0        680   mf_w.l

    ----------------------------------------------------------------------
      1592         24          0          4          4       1168   Library Totals

    ----------------------------------------------------------------------

==============================================================================


      Code (inc. data)   RO Data    RW Data    ZI Data      Debug   

     21820        956        440      10332      93780     268164   Grand Totals
     21820        956        440       3488      93780     268164   ELF Image Totals (compressed)
     21820        956        440       3488          0          0   ROM Totals

==============================================================================

    Total RO  Size (Code + RO Data)                22260 (  21.74kB)
    Total RW  Size (RW Data + ZI Data)            104112 ( 101.67kB)
    Total ROM Size (Code + RO Data + RW Data)      25748 (  25.14kB)

==============================================================================

