<html>
<body>
<pre>
<h1>µVision Build Log</h1>
<h2>Project:</h2>
C:\Keil\Workspace\ADC3_DMA\MDK-ARM\ADC3_DMA.uvproj
Project File Date:  02/26/2013

<h2>Output:</h2>
Build target 'ADC3_DMA'
compiling main.c...
compiling stm32f4xx_it.c...
compiling system_stm32f4xx.c...
compiling stm32f4xx_usart.c...
compiling stm32f4xx_spi.c...
compiling stm32f4xx_tim.c...
compiling stm32f4xx_flash.c...
compiling stm32f4_discovery.c...
compiling stm32f4xx_rcc.c...
compiling misc.c...
compiling stm32f4xx_gpio.c...
compiling stm32f4xx_syscfg.c...
compiling stm32f4xx_exti.c...
compiling stm32f4xx_dma.c...
compiling stm32f4xx_adc.c...
linking...
Program Size: Code=21832 RO-data=440 RW-data=10332 ZI-data=93780  
".\ADC3_DMA\ADC3_DMA.axf" - 0 Error(s), 0 Warning(s).
Load "C:\\Keil\\Workspace\\ADC3_DMA\\MDK-ARM\\ADC3_DMA\\ADC3_DMA.AXF" 
Load "C:\\Keil\\Workspace\\ADC3_DMA\\MDK-ARM\\ADC3_DMA\\ADC3_DMA.AXF" 
Erase Done.
Programming Done.
Verify OK.
Build target 'ADC3_DMA'
compiling main.c...
linking...
Program Size: Code=21832 RO-data=440 RW-data=10332 ZI-data=93780  
".\ADC3_DMA\ADC3_DMA.axf" - 0 Error(s), 0 Warning(s).
Load "C:\\Keil\\Workspace\\ADC3_DMA\\MDK-ARM\\ADC3_DMA\\ADC3_DMA.AXF" 
Erase Done.
Programming Done.
Verify OK.
Build target 'ADC3_DMA'
compiling main.c...
linking...
Program Size: Code=21832 RO-data=440 RW-data=10332 ZI-data=93780  
".\ADC3_DMA\ADC3_DMA.axf" - 0 Error(s), 0 Warning(s).
Load "C:\\Keil\\Workspace\\ADC3_DMA\\MDK-ARM\\ADC3_DMA\\ADC3_DMA.AXF" 
Erase Done.
Programming Done.
Verify OK.
Build target 'ADC3_DMA'
compiling main.c...
linking...
Program Size: Code=21832 RO-data=440 RW-data=10332 ZI-data=93780  
".\ADC3_DMA\ADC3_DMA.axf" - 0 Error(s), 0 Warning(s).
Load "C:\\Keil\\Workspace\\ADC3_DMA\\MDK-ARM\\ADC3_DMA\\ADC3_DMA.AXF" 
Erase Done.
Programming Done.
Verify OK.
Build target 'ADC3_DMA'
compiling main.c...
linking...
Program Size: Code=21832 RO-data=440 RW-data=10332 ZI-data=93780  
".\ADC3_DMA\ADC3_DMA.axf" - 0 Error(s), 0 Warning(s).
Load "C:\\Keil\\Workspace\\ADC3_DMA\\MDK-ARM\\ADC3_DMA\\ADC3_DMA.AXF" 
Erase Done.
Programming Done.
Verify OK.
Build target 'ADC3_DMA'
compiling main.c...
linking...
Program Size: Code=21828 RO-data=440 RW-data=10332 ZI-data=93780  
".\ADC3_DMA\ADC3_DMA.axf" - 0 Error(s), 0 Warning(s).
Load "C:\\Keil\\Workspace\\ADC3_DMA\\MDK-ARM\\ADC3_DMA\\ADC3_DMA.AXF" 
Erase Done.
Programming Done.
Verify OK.
Build target 'ADC3_DMA'
compiling main.c...
linking...
Program Size: Code=21820 RO-data=440 RW-data=10332 ZI-data=93780  
".\ADC3_DMA\ADC3_DMA.axf" - 0 Error(s), 0 Warning(s).
Load "C:\\Keil\\Workspace\\ADC3_DMA\\MDK-ARM\\ADC3_DMA\\ADC3_DMA.AXF" 
Erase Done.
Programming Done.
Verify OK.
Build target 'ADC3_DMA'
compiling main.c...
linking...
Program Size: Code=21820 RO-data=440 RW-data=10332 ZI-data=93780  
".\ADC3_DMA\ADC3_DMA.axf" - 0 Error(s), 0 Warning(s).
Load "C:\\Keil\\Workspace\\ADC3_DMA\\MDK-ARM\\ADC3_DMA\\ADC3_DMA.AXF" 
Erase Done.
Programming Done.
Verify OK.
